#
# A fatal error has been detected by the Java Runtime Environment:
#
#  SIGSEGV (0xb) at pc=0x00007fda28122e8b, pid=4590, tid=4596
#
# JRE version: OpenJDK Runtime Environment (11.0.13) (build 11.0.13+0-b1751.21-8125866)
# Java VM: OpenJDK 64-Bit Server VM (11.0.13+0-b1751.21-8125866, mixed mode, tiered, compressed oops, g1 gc, linux-amd64)
# Problematic frame:
# V  [libjvm.so+0x946e8b]  G1ConcurrentMark::mark_in_next_bitmap(unsigned int, HeapRegion*, oopDesc*, unsigned long)+0xb
#
# Core dump will be written. Default location: Core dumps may be processed with "/usr/share/apport/apport -p%p -s%s -c%c -d%d -P%P -u%u -g%g -- %E" (or dumping to /home/arenas/AndroidStudioProjects/multimoney-nextgen-android/core.4590)
#
# If you would like to submit a bug report, please visit:
#   https://bugreport.java.com/bugreport/crash.jsp
#

---------------  S U M M A R Y ------------

Command Line: -XX:MaxPermSize=512m -XX:+HeapDumpOnOutOfMemoryError --add-opens=java.base/java.util=ALL-UNNAMED --add-opens=java.base/java.lang=ALL-UNNAMED --add-opens=java.base/java.lang.invoke=ALL-UNNAMED --add-opens=java.base/java.util=ALL-UNNAMED --add-opens=java.prefs/java.util.prefs=ALL-UNNAMED --add-opens=java.prefs/java.util.prefs=ALL-UNNAMED --add-opens=java.base/java.nio.charset=ALL-UNNAMED --add-opens=java.base/java.net=ALL-UNNAMED --add-opens=java.base/java.util.concurrent.atomic=ALL-UNNAMED -Xmx2048m -Dfile.encoding=UTF-8 -Duser.country=US -Duser.language=en -Duser.variant org.gradle.launcher.daemon.bootstrap.GradleDaemon 7.4.2

Host: AMD Ryzen 5 3600 6-Core Processor, 12 cores, 15G, Ubuntu 22.04.1 LTS
Time: Mon Feb 27 10:52:50 2023 -04 elapsed time: 0.977363 seconds (0d 0h 0m 0s)

---------------  T H R E A D  ---------------

Current thread (0x00007fda20064000):  ConcurrentGCThread "G1 Conc#0" [stack: 0x00007fda259f7000,0x00007fda25af7000] [id=4596]

Stack: [0x00007fda259f7000,0x00007fda25af7000],  sp=0x00007fda25af5c40,  free space=1019k
Native frames: (J=compiled Java code, A=aot compiled Java code, j=interpreted, Vv=VM code, C=native code)
V  [libjvm.so+0x946e8b]  G1ConcurrentMark::mark_in_next_bitmap(unsigned int, HeapRegion*, oopDesc*, unsigned long)+0xb
V  [libjvm.so+0x95403c]  void OopOopIterateDispatch<G1RootRegionScanClosure>::Table::oop_oop_iterate<InstanceKlass, unsigned int>(G1RootRegionScanClosure*, oopDesc*, Klass*)+0xec
V  [libjvm.so+0x94dd81]  G1ConcurrentMark::scan_root_region(HeapRegion*, unsigned int)+0x81
V  [libjvm.so+0x952fec]  G1CMRootRegionScanTask::work(unsigned int)+0x5c
V  [libjvm.so+0xf4704d]  GangWorker::loop()+0x4d
V  [libjvm.so+0xea9dd8]  Thread::call_run()+0x68
V  [libjvm.so+0xd58c0e]  thread_native_entry(Thread*)+0x1be


siginfo: si_signo: 11 (SIGSEGV), si_code: 1 (SEGV_MAPERR), si_addr: 0x00000007fda265de

Register to memory mapping:

RAX=0x0000000000000002 is an unknown value
RBX=0x0 is NULL
RCX=0x0000000000000002 is an unknown value
RDX=0x00000007fda2647e is an unknown value
RSP=0x00007fda25af5c40 points into unknown readable memory: 0x0000000000000000 | 00 00 00 00 00 00 00 00
RBP=0x00007fda25af5c60 points into unknown readable memory: 0x00007fda25af5cb0 | b0 5c af 25 da 7f 00 00
RSI=0x0000000000000001 is an unknown value
RDI=0x00007fda200590a0 points into unknown readable memory: 0x00007fda20062000 | 00 20 06 20 da 7f 00 00
R8 =0x0 is NULL
R9 =0x0000000088e93358 is an oop: java.lang.Class 
{0x0000000088e93358} - klass: 'java/lang/Class'
R10=0x0 is NULL
R11=0x0000000000000246 is an unknown value
R12=0x000000008931f88c is pointing into object: java.util.HashMap$Node 
{0x000000008931f870} - klass: 'java/util/HashMap$Node'
R13=0x00007fda2884f348: <offset 0x0000000001073348> in /opt/android-studio/jre/lib/server/libjvm.so at 0x00007fda277dc000
R14=0x000000008931f888 is pointing into object: java.util.HashMap$Node 
{0x000000008931f870} - klass: 'java/util/HashMap$Node'
R15=0x00007fda25af5cc0 points into unknown readable memory: 0x00007fda28812dc8 | c8 2d 81 28 da 7f 00 00


Registers:
RAX=0x0000000000000002, RBX=0x0000000000000000, RCX=0x0000000000000002, RDX=0x00000007fda2647e
RSP=0x00007fda25af5c40, RBP=0x00007fda25af5c60, RSI=0x0000000000000001, RDI=0x00007fda200590a0
R8 =0x0000000000000000, R9 =0x0000000088e93358, R10=0x0000000000000000, R11=0x0000000000000246
R12=0x000000008931f88c, R13=0x00007fda2884f348, R14=0x000000008931f888, R15=0x00007fda25af5cc0
RIP=0x00007fda28122e8b, EFLAGS=0x0000000000010246, CSGSFS=0x002b000000000033, ERR=0x0000000000000004
  TRAPNO=0x000000000000000e

Top of Stack: (sp=0x00007fda25af5c40)
0x00007fda25af5c40:   0000000000000000 000000008931f88c
0x00007fda25af5c50:   000000008931f888 00007fda25af5cc0
0x00007fda25af5c60:   00007fda25af5cb0 00007fda2813003c
0x00007fda25af5c70:   0000000100031440 000000008931f870 

Instructions: (pc=0x00007fda28122e8b)
0x00007fda28122d8b:   d3 e6 48 39 da 77 54 48 83 e6 f8 48 01 f2 48 39
0x00007fda28122d9b:   da 76 48 48 8b 47 18 4c 8b 70 10 48 83 cb 01 48
0x00007fda28122dab:   89 5d e8 41 8b 06 41 8b 96 80 00 00 00 89 c1 29
0x00007fda28122dbb:   d1 81 e1 ff ff 01 00 81 f9 fd ff 01 00 77 34 49
0x00007fda28122dcb:   8b 8e 88 00 00 00 48 8b 55 e8 48 89 14 c1 83 c0
0x00007fda28122ddb:   01 25 ff ff 01 00 41 89 06 eb 84 48 8b 7f 10 48
0x00007fda28122deb:   8b 07 48 8b 40 08 48 89 de 48 83 c4 10 5b 41 5e
0x00007fda28122dfb:   5d ff e0 48 89 5d e0 81 f9 ff ff 01 00 75 22 41
0x00007fda28122e0b:   8b 06 49 8b 8e 88 00 00 00 48 8b 55 e0 48 89 14
0x00007fda28122e1b:   c1 83 c0 01 25 ff ff 01 00 41 89 06 e9 3e ff ff
0x00007fda28122e2b:   ff 49 8b 86 b0 00 00 00 49 3b 86 98 00 00 00 75
0x00007fda28122e3b:   13 49 8d be 90 00 00 00 e8 58 f0 ff ff 49 8b 86
0x00007fda28122e4b:   b0 00 00 00 49 8b 8e c8 00 00 00 48 89 1c c1 49
0x00007fda28122e5b:   83 86 b0 00 00 00 01 e9 03 ff ff ff cc cc cc cc
0x00007fda28122e6b:   cc cc cc cc cc 55 48 89 e5 48 8b 7f 10 5d e9 32
0x00007fda28122e7b:   b9 02 00 cc cc 55 48 89 e5 41 57 41 56 41 54 53
0x00007fda28122e8b:   48 39 8a 60 01 00 00 0f 86 9e 00 00 00 49 89 cc
0x00007fda28122e9b:   41 89 f6 49 89 ff 48 8b 97 90 00 00 00 48 89 c8
0x00007fda28122eab:   48 2b 02 48 c1 e8 03 8a 4a 10 48 d3 e8 48 8b 7a
0x00007fda28122ebb:   18 48 89 c3 48 c1 eb 06 48 8d 14 df be 01 00 00
0x00007fda28122ecb:   00 89 c1 48 d3 e6 48 8b 0c df 66 2e 0f 1f 84 00
0x00007fda28122edb:   00 00 00 00 90 48 89 cf 48 09 f7 48 39 cf 74 4b
0x00007fda28122eeb:   48 89 c8 f0 48 0f b1 3a 48 39 c8 48 89 c1 75 e5
0x00007fda28122efb:   4d 85 c0 0f 85 8f 00 00 00 48 8d 05 9e 70 75 00
0x00007fda28122f0b:   8a 10 84 d2 74 2c 41 8b 7c 24 08 48 8d 05 3b c4
0x00007fda28122f1b:   72 00 8a 48 08 48 d3 e7 48 03 38 8b 47 08 85 c0
0x00007fda28122f2b:   7e 1c a8 01 75 1c c1 e8 03 eb 5a 31 c0 e9 d0 00
0x00007fda28122f3b:   00 00 49 8b 7c 24 08 8b 47 08 85 c0 7f e4 85 c0
0x00007fda28122f4b:   78 0e 48 8b 07 4c 89 e6 ff 90 10 01 00 00 eb 35
0x00007fda28122f5b:   31 c9 84 d2 0f 94 c1 49 63 54 8c 0c 89 c1 48 d3
0x00007fda28122f6b:   e2 c1 e8 10 0f b6 c8 48 01 d1 48 8d 05 b8 22 71
0x00007fda28122f7b:   00 48 63 00 48 01 c1 48 83 c1 ff 48 f7 d8 48 21 


Stack slot to memory mapping:
stack at sp + 0 slots: 0x0 is NULL
stack at sp + 1 slots: 0x000000008931f88c is pointing into object: java.util.HashMap$Node 
{0x000000008931f870} - klass: 'java/util/HashMap$Node'
stack at sp + 2 slots: 0x000000008931f888 is pointing into object: java.util.HashMap$Node 
{0x000000008931f870} - klass: 'java/util/HashMap$Node'
stack at sp + 3 slots: 0x00007fda25af5cc0 points into unknown readable memory: 0x00007fda28812dc8 | c8 2d 81 28 da 7f 00 00
stack at sp + 4 slots: 0x00007fda25af5cb0 points into unknown readable memory: 0x00007fda25af5d10 | 10 5d af 25 da 7f 00 00
stack at sp + 5 slots: 0x00007fda2813003c: <offset 0x000000000095403c> in /opt/android-studio/jre/lib/server/libjvm.so at 0x00007fda277dc000
stack at sp + 6 slots: 0x0000000100031440 is a pointer to class: 
stack at sp + 7 slots: 0x000000008931f870 is an oop: java.util.HashMap$Node 
{0x000000008931f870} - klass: 'java/util/HashMap$Node'


---------------  P R O C E S S  ---------------

Threads class SMR info:
_java_thread_list=0x00007fd98c29be90, length=24, elements={
0x00007fda20015800, 0x00007fda201cd000, 0x00007fda201d1000, 0x00007fda201e7800,
0x00007fda201e9000, 0x00007fda201eb800, 0x00007fda201ed800, 0x00007fda201ef800,
0x00007fda202bd800, 0x00007fd9d8095000, 0x00007fd9c806a800, 0x00007fda2153d000,
0x00007fda2159e800, 0x00007fda215f6800, 0x00007fd9a8018000, 0x00007fd9a0003800,
0x00007fd9a0006800, 0x00007fd9a0008800, 0x00007fd98c046000, 0x00007fd98c048000,
0x00007fd98c052800, 0x00007fd98c269000, 0x00007fd98c26d000, 0x00007fd98c29a800
}

Java Threads: ( => current thread )
  0x00007fda20015800 JavaThread "main" [_thread_blocked, id=4591, stack(0x00007fda275f5000,0x00007fda276f5000)]
  0x00007fda201cd000 JavaThread "Reference Handler" daemon [_thread_blocked, id=4600, stack(0x00007fda2429f000,0x00007fda2439f000)]
  0x00007fda201d1000 JavaThread "Finalizer" daemon [_thread_blocked, id=4601, stack(0x00007fda2419f000,0x00007fda2429f000)]
  0x00007fda201e7800 JavaThread "Signal Dispatcher" daemon [_thread_blocked, id=4602, stack(0x00007fda2409f000,0x00007fda2419f000)]
  0x00007fda201e9000 JavaThread "Service Thread" daemon [_thread_blocked, id=4603, stack(0x00007fda0c621000,0x00007fda0c721000)]
  0x00007fda201eb800 JavaThread "C2 CompilerThread0" daemon [_thread_blocked, id=4604, stack(0x00007fda0c521000,0x00007fda0c621000)]
  0x00007fda201ed800 JavaThread "C1 CompilerThread0" daemon [_thread_blocked, id=4605, stack(0x00007fda0c421000,0x00007fda0c521000)]
  0x00007fda201ef800 JavaThread "Sweeper thread" daemon [_thread_blocked, id=4606, stack(0x00007fda0c321000,0x00007fda0c421000)]
  0x00007fda202bd800 JavaThread "Common-Cleaner" daemon [_thread_blocked, id=4607, stack(0x00007fda0c221000,0x00007fda0c321000)]
  0x00007fd9d8095000 JavaThread "C2 CompilerThread1" daemon [_thread_blocked, id=4609, stack(0x00007fda0c01f000,0x00007fda0c11f000)]
  0x00007fd9c806a800 JavaThread "C2 CompilerThread2" daemon [_thread_blocked, id=4610, stack(0x00007fd9f9f00000,0x00007fd9fa000000)]
  0x00007fda2153d000 JavaThread "Daemon health stats" [_thread_blocked, id=4616, stack(0x00007fd9f8cce000,0x00007fd9f8dce000)]
  0x00007fda2159e800 JavaThread "Incoming local TCP Connector on port 40055" [_thread_in_native, id=4617, stack(0x00007fd9f8bce000,0x00007fd9f8cce000)]
  0x00007fda215f6800 JavaThread "Daemon periodic checks" [_thread_blocked, id=4618, stack(0x00007fd9f8ace000,0x00007fd9f8bce000)]
  0x00007fd9a8018000 JavaThread "Daemon" [_thread_blocked, id=4619, stack(0x00007fd9f83a3000,0x00007fd9f84a3000)]
  0x00007fd9a0003800 JavaThread "Handler for socket connection from /127.0.0.1:40055 to /127.0.0.1:52774" [_thread_in_native, id=4620, stack(0x00007fd9f82a3000,0x00007fd9f83a3000)]
  0x00007fd9a0006800 JavaThread "Cancel handler" [_thread_blocked, id=4621, stack(0x00007fd9f81a3000,0x00007fd9f82a3000)]
  0x00007fd9a0008800 JavaThread "Daemon worker" [_thread_in_native, id=4622, stack(0x00007fd9f80a3000,0x00007fd9f81a3000)]
  0x00007fd98c046000 JavaThread "Asynchronous log dispatcher for DefaultDaemonConnection: socket connection from /127.0.0.1:40055 to /127.0.0.1:52774" [_thread_blocked, id=4625, stack(0x00007fd993f00000,0x00007fd994000000)]
  0x00007fd98c048000 JavaThread "Stdin handler" [_thread_blocked, id=4626, stack(0x00007fd993e00000,0x00007fd993f00000)]
  0x00007fd98c052800 JavaThread "Daemon client event forwarder" [_thread_blocked, id=4627, stack(0x00007fd9f85c8000,0x00007fd9f86c8000)]
  0x00007fd98c269000 JavaThread "Cache worker for journal cache (/home/arenas/.gradle/caches/journal-1)" [_thread_blocked, id=4628, stack(0x00007fd9f84c8000,0x00007fd9f85c8000)]
  0x00007fd98c26d000 JavaThread "File lock request listener" [_thread_in_native, id=4629, stack(0x00007fd993b00000,0x00007fd993c00000)]
  0x00007fd98c29a800 JavaThread "Cache worker for file hash cache (/home/arenas/.gradle/caches/7.4.2/fileHashes)" [_thread_blocked, id=4630, stack(0x00007fd993a00000,0x00007fd993b00000)]

Other Threads:
  0x00007fda201c4800 VMThread "VM Thread" [stack: 0x00007fda243a1000,0x00007fda244a1000] [id=4599]
  0x00007fda202c4000 WatcherThread [stack: 0x00007fda0c121000,0x00007fda0c221000] [id=4608]
  0x00007fda2002f000 GCTaskThread "GC Thread#0" [stack: 0x00007fda2728a000,0x00007fda2738a000] [id=4594]
  0x00007fd9f0001000 GCTaskThread "GC Thread#1" [stack: 0x00007fd9f9b00000,0x00007fd9f9c00000] [id=4611]
  0x00007fd9f0002800 GCTaskThread "GC Thread#2" [stack: 0x00007fd9f92d6000,0x00007fd9f93d6000] [id=4612]
  0x00007fd9f0004000 GCTaskThread "GC Thread#3" [stack: 0x00007fd9f91d4000,0x00007fd9f92d4000] [id=4613]
  0x00007fd9f0006000 GCTaskThread "GC Thread#4" [stack: 0x00007fd9f90d2000,0x00007fd9f91d2000] [id=4614]
  0x00007fd9f0008000 GCTaskThread "GC Thread#5" [stack: 0x00007fd9f8fd0000,0x00007fd9f90d0000] [id=4615]
  0x00007fd9f01ba800 GCTaskThread "GC Thread#6" [stack: 0x00007fd993700000,0x00007fd993800000] [id=4631]
  0x00007fd9f01bc000 GCTaskThread "GC Thread#7" [stack: 0x00007fd9935fe000,0x00007fd9936fe000] [id=4632]
  0x00007fd9f01bd800 GCTaskThread "GC Thread#8" [stack: 0x00007fd9934fc000,0x00007fd9935fc000] [id=4633]
  0x00007fd9f01bf000 GCTaskThread "GC Thread#9" [stack: 0x00007fd9933fa000,0x00007fd9934fa000] [id=4634]
  0x00007fda20062000 ConcurrentGCThread "G1 Main Marker" [stack: 0x00007fda25af9000,0x00007fda25bf9000] [id=4595]
=>0x00007fda20064000 ConcurrentGCThread "G1 Conc#0" [stack: 0x00007fda259f7000,0x00007fda25af7000] [id=4596]
  0x00007fd9fc001000 ConcurrentGCThread "G1 Conc#1" [stack: 0x00007fd9932f8000,0x00007fd9933f8000] [id=4635]
  0x00007fd9fc002800 ConcurrentGCThread "G1 Conc#2" [stack: 0x00007fd9931f6000,0x00007fd9932f6000] [id=4636]
  0x00007fda2015d800 ConcurrentGCThread "G1 Refine#0" [stack: 0x00007fda24eeb000,0x00007fda24feb000] [id=4597]
  0x00007fda2015f000 ConcurrentGCThread "G1 Young RemSet Sampling" [stack: 0x00007fda24de9000,0x00007fda24ee9000] [id=4598]

Threads with active compile tasks:

VM state:not at safepoint (normal execution)

VM Mutex/Monitor currently owned by a thread: None

Heap address: 0x0000000080000000, size: 2048 MB, Compressed Oops mode: 32-bit
Narrow klass base: 0x0000000000000000, Narrow klass shift: 3
Compressed class space size: 1073741824 Address: 0x0000000100000000

Heap:
 garbage-first heap   total 256000K, used 17274K [0x0000000080000000, 0x0000000100000000)
  region size 1024K, 13 young (13312K), 12 survivors (12288K)
 Metaspace       used 20792K, capacity 21242K, committed 21552K, reserved 1069056K
  class space    used 2507K, capacity 2679K, committed 2688K, reserved 1048576K
Heap Regions: E=young(eden), S=young(survivor), O=old, HS=humongous(starts), HC=humongous(continues), CS=collection set, F=free, A=archive, TAMS=top-at-mark-start (previous, next)
|   0|0x0000000080000000, 0x0000000080000000, 0x0000000080100000|  0%| F|  |TAMS 0x0000000080000000, 0x0000000080000000| Untracked 
|   1|0x0000000080100000, 0x0000000080100000, 0x0000000080200000|  0%| F|  |TAMS 0x0000000080100000, 0x0000000080100000| Untracked 
|   2|0x0000000080200000, 0x0000000080200000, 0x0000000080300000|  0%| F|  |TAMS 0x0000000080200000, 0x0000000080200000| Untracked 
|   3|0x0000000080300000, 0x0000000080400000, 0x0000000080400000|100%|HS|  |TAMS 0x0000000080300000, 0x0000000080400000| Complete 
|   4|0x0000000080400000, 0x0000000080500000, 0x0000000080500000|100%|HC|  |TAMS 0x0000000080400000, 0x0000000080500000| Complete 
|   5|0x0000000080500000, 0x0000000080600000, 0x0000000080600000|100%|HC|  |TAMS 0x0000000080500000, 0x0000000080600000| Complete 
|   6|0x0000000080600000, 0x0000000080700000, 0x0000000080700000|100%| O|  |TAMS 0x0000000080600000, 0x0000000080700000| Untracked 
|   7|0x0000000080700000, 0x0000000080800000, 0x0000000080800000|100%| O|  |TAMS 0x0000000080700000, 0x0000000080800000| Untracked 
|   8|0x0000000080800000, 0x00000000808b6e00, 0x0000000080900000| 71%| O|  |TAMS 0x0000000080800000, 0x00000000808b6e00| Untracked 
|   9|0x0000000080900000, 0x0000000080900000, 0x0000000080a00000|  0%| F|  |TAMS 0x0000000080900000, 0x0000000080900000| Untracked 
|  10|0x0000000080a00000, 0x0000000080a00000, 0x0000000080b00000|  0%| F|  |TAMS 0x0000000080a00000, 0x0000000080a00000| Untracked 
|  11|0x0000000080b00000, 0x0000000080b00000, 0x0000000080c00000|  0%| F|  |TAMS 0x0000000080b00000, 0x0000000080b00000| Untracked 
|  12|0x0000000080c00000, 0x0000000080c00000, 0x0000000080d00000|  0%| F|  |TAMS 0x0000000080c00000, 0x0000000080c00000| Untracked 
|  13|0x0000000080d00000, 0x0000000080d00000, 0x0000000080e00000|  0%| F|  |TAMS 0x0000000080d00000, 0x0000000080d00000| Untracked 
|  14|0x0000000080e00000, 0x0000000080e00000, 0x0000000080f00000|  0%| F|  |TAMS 0x0000000080e00000, 0x0000000080e00000| Untracked 
|  15|0x0000000080f00000, 0x0000000080f00000, 0x0000000081000000|  0%| F|  |TAMS 0x0000000080f00000, 0x0000000080f00000| Untracked 
|  16|0x0000000081000000, 0x0000000081000000, 0x0000000081100000|  0%| F|  |TAMS 0x0000000081000000, 0x0000000081000000| Untracked 
|  17|0x0000000081100000, 0x0000000081100000, 0x0000000081200000|  0%| F|  |TAMS 0x0000000081100000, 0x0000000081100000| Untracked 
|  18|0x0000000081200000, 0x0000000081200000, 0x0000000081300000|  0%| F|  |TAMS 0x0000000081200000, 0x0000000081200000| Untracked 
|  19|0x0000000081300000, 0x0000000081300000, 0x0000000081400000|  0%| F|  |TAMS 0x0000000081300000, 0x0000000081300000| Untracked 
|  20|0x0000000081400000, 0x0000000081400000, 0x0000000081500000|  0%| F|  |TAMS 0x0000000081400000, 0x0000000081400000| Untracked 
|  21|0x0000000081500000, 0x0000000081500000, 0x0000000081600000|  0%| F|  |TAMS 0x0000000081500000, 0x0000000081500000| Untracked 
|  22|0x0000000081600000, 0x0000000081600000, 0x0000000081700000|  0%| F|  |TAMS 0x0000000081600000, 0x0000000081600000| Untracked 
|  23|0x0000000081700000, 0x0000000081700000, 0x0000000081800000|  0%| F|  |TAMS 0x0000000081700000, 0x0000000081700000| Untracked 
|  24|0x0000000081800000, 0x0000000081800000, 0x0000000081900000|  0%| F|  |TAMS 0x0000000081800000, 0x0000000081800000| Untracked 
|  25|0x0000000081900000, 0x0000000081900000, 0x0000000081a00000|  0%| F|  |TAMS 0x0000000081900000, 0x0000000081900000| Untracked 
|  26|0x0000000081a00000, 0x0000000081a00000, 0x0000000081b00000|  0%| F|  |TAMS 0x0000000081a00000, 0x0000000081a00000| Untracked 
|  27|0x0000000081b00000, 0x0000000081b00000, 0x0000000081c00000|  0%| F|  |TAMS 0x0000000081b00000, 0x0000000081b00000| Untracked 
|  28|0x0000000081c00000, 0x0000000081c00000, 0x0000000081d00000|  0%| F|  |TAMS 0x0000000081c00000, 0x0000000081c00000| Untracked 
|  29|0x0000000081d00000, 0x0000000081d00000, 0x0000000081e00000|  0%| F|  |TAMS 0x0000000081d00000, 0x0000000081d00000| Untracked 
|  30|0x0000000081e00000, 0x0000000081e00000, 0x0000000081f00000|  0%| F|  |TAMS 0x0000000081e00000, 0x0000000081e00000| Untracked 
|  31|0x0000000081f00000, 0x0000000081f00000, 0x0000000082000000|  0%| F|  |TAMS 0x0000000081f00000, 0x0000000081f00000| Untracked 
|  32|0x0000000082000000, 0x0000000082000000, 0x0000000082100000|  0%| F|  |TAMS 0x0000000082000000, 0x0000000082000000| Untracked 
|  33|0x0000000082100000, 0x0000000082100000, 0x0000000082200000|  0%| F|  |TAMS 0x0000000082100000, 0x0000000082100000| Untracked 
|  34|0x0000000082200000, 0x0000000082200000, 0x0000000082300000|  0%| F|  |TAMS 0x0000000082200000, 0x0000000082200000| Untracked 
|  35|0x0000000082300000, 0x0000000082300000, 0x0000000082400000|  0%| F|  |TAMS 0x0000000082300000, 0x0000000082300000| Untracked 
|  36|0x0000000082400000, 0x0000000082400000, 0x0000000082500000|  0%| F|  |TAMS 0x0000000082400000, 0x0000000082400000| Untracked 
|  37|0x0000000082500000, 0x0000000082500000, 0x0000000082600000|  0%| F|  |TAMS 0x0000000082500000, 0x0000000082500000| Untracked 
|  38|0x0000000082600000, 0x0000000082600000, 0x0000000082700000|  0%| F|  |TAMS 0x0000000082600000, 0x0000000082600000| Untracked 
|  39|0x0000000082700000, 0x0000000082700000, 0x0000000082800000|  0%| F|  |TAMS 0x0000000082700000, 0x0000000082700000| Untracked 
|  40|0x0000000082800000, 0x0000000082800000, 0x0000000082900000|  0%| F|  |TAMS 0x0000000082800000, 0x0000000082800000| Untracked 
|  41|0x0000000082900000, 0x0000000082900000, 0x0000000082a00000|  0%| F|  |TAMS 0x0000000082900000, 0x0000000082900000| Untracked 
|  42|0x0000000082a00000, 0x0000000082a00000, 0x0000000082b00000|  0%| F|  |TAMS 0x0000000082a00000, 0x0000000082a00000| Untracked 
|  43|0x0000000082b00000, 0x0000000082b00000, 0x0000000082c00000|  0%| F|  |TAMS 0x0000000082b00000, 0x0000000082b00000| Untracked 
|  44|0x0000000082c00000, 0x0000000082c00000, 0x0000000082d00000|  0%| F|  |TAMS 0x0000000082c00000, 0x0000000082c00000| Untracked 
|  45|0x0000000082d00000, 0x0000000082d00000, 0x0000000082e00000|  0%| F|  |TAMS 0x0000000082d00000, 0x0000000082d00000| Untracked 
|  46|0x0000000082e00000, 0x0000000082e00000, 0x0000000082f00000|  0%| F|  |TAMS 0x0000000082e00000, 0x0000000082e00000| Untracked 
|  47|0x0000000082f00000, 0x0000000082f00000, 0x0000000083000000|  0%| F|  |TAMS 0x0000000082f00000, 0x0000000082f00000| Untracked 
|  48|0x0000000083000000, 0x0000000083000000, 0x0000000083100000|  0%| F|  |TAMS 0x0000000083000000, 0x0000000083000000| Untracked 
|  49|0x0000000083100000, 0x0000000083100000, 0x0000000083200000|  0%| F|  |TAMS 0x0000000083100000, 0x0000000083100000| Untracked 
|  50|0x0000000083200000, 0x0000000083200000, 0x0000000083300000|  0%| F|  |TAMS 0x0000000083200000, 0x0000000083200000| Untracked 
|  51|0x0000000083300000, 0x0000000083300000, 0x0000000083400000|  0%| F|  |TAMS 0x0000000083300000, 0x0000000083300000| Untracked 
|  52|0x0000000083400000, 0x0000000083400000, 0x0000000083500000|  0%| F|  |TAMS 0x0000000083400000, 0x0000000083400000| Untracked 
|  53|0x0000000083500000, 0x0000000083500000, 0x0000000083600000|  0%| F|  |TAMS 0x0000000083500000, 0x0000000083500000| Untracked 
|  54|0x0000000083600000, 0x0000000083600000, 0x0000000083700000|  0%| F|  |TAMS 0x0000000083600000, 0x0000000083600000| Untracked 
|  55|0x0000000083700000, 0x0000000083700000, 0x0000000083800000|  0%| F|  |TAMS 0x0000000083700000, 0x0000000083700000| Untracked 
|  56|0x0000000083800000, 0x0000000083800000, 0x0000000083900000|  0%| F|  |TAMS 0x0000000083800000, 0x0000000083800000| Untracked 
|  57|0x0000000083900000, 0x0000000083900000, 0x0000000083a00000|  0%| F|  |TAMS 0x0000000083900000, 0x0000000083900000| Untracked 
|  58|0x0000000083a00000, 0x0000000083a00000, 0x0000000083b00000|  0%| F|  |TAMS 0x0000000083a00000, 0x0000000083a00000| Untracked 
|  59|0x0000000083b00000, 0x0000000083b00000, 0x0000000083c00000|  0%| F|  |TAMS 0x0000000083b00000, 0x0000000083b00000| Untracked 
|  60|0x0000000083c00000, 0x0000000083c00000, 0x0000000083d00000|  0%| F|  |TAMS 0x0000000083c00000, 0x0000000083c00000| Untracked 
|  61|0x0000000083d00000, 0x0000000083d00000, 0x0000000083e00000|  0%| F|  |TAMS 0x0000000083d00000, 0x0000000083d00000| Untracked 
|  62|0x0000000083e00000, 0x0000000083e00000, 0x0000000083f00000|  0%| F|  |TAMS 0x0000000083e00000, 0x0000000083e00000| Untracked 
|  63|0x0000000083f00000, 0x0000000083f00000, 0x0000000084000000|  0%| F|  |TAMS 0x0000000083f00000, 0x0000000083f00000| Untracked 
|  64|0x0000000084000000, 0x0000000084000000, 0x0000000084100000|  0%| F|  |TAMS 0x0000000084000000, 0x0000000084000000| Untracked 
|  65|0x0000000084100000, 0x0000000084100000, 0x0000000084200000|  0%| F|  |TAMS 0x0000000084100000, 0x0000000084100000| Untracked 
|  66|0x0000000084200000, 0x0000000084200000, 0x0000000084300000|  0%| F|  |TAMS 0x0000000084200000, 0x0000000084200000| Untracked 
|  67|0x0000000084300000, 0x0000000084300000, 0x0000000084400000|  0%| F|  |TAMS 0x0000000084300000, 0x0000000084300000| Untracked 
|  68|0x0000000084400000, 0x0000000084400000, 0x0000000084500000|  0%| F|  |TAMS 0x0000000084400000, 0x0000000084400000| Untracked 
|  69|0x0000000084500000, 0x0000000084500000, 0x0000000084600000|  0%| F|  |TAMS 0x0000000084500000, 0x0000000084500000| Untracked 
|  70|0x0000000084600000, 0x0000000084600000, 0x0000000084700000|  0%| F|  |TAMS 0x0000000084600000, 0x0000000084600000| Untracked 
|  71|0x0000000084700000, 0x0000000084700000, 0x0000000084800000|  0%| F|  |TAMS 0x0000000084700000, 0x0000000084700000| Untracked 
|  72|0x0000000084800000, 0x0000000084800000, 0x0000000084900000|  0%| F|  |TAMS 0x0000000084800000, 0x0000000084800000| Untracked 
|  73|0x0000000084900000, 0x0000000084900000, 0x0000000084a00000|  0%| F|  |TAMS 0x0000000084900000, 0x0000000084900000| Untracked 
|  74|0x0000000084a00000, 0x0000000084a00000, 0x0000000084b00000|  0%| F|  |TAMS 0x0000000084a00000, 0x0000000084a00000| Untracked 
|  75|0x0000000084b00000, 0x0000000084b00000, 0x0000000084c00000|  0%| F|  |TAMS 0x0000000084b00000, 0x0000000084b00000| Untracked 
|  76|0x0000000084c00000, 0x0000000084c00000, 0x0000000084d00000|  0%| F|  |TAMS 0x0000000084c00000, 0x0000000084c00000| Untracked 
|  77|0x0000000084d00000, 0x0000000084d00000, 0x0000000084e00000|  0%| F|  |TAMS 0x0000000084d00000, 0x0000000084d00000| Untracked 
|  78|0x0000000084e00000, 0x0000000084e00000, 0x0000000084f00000|  0%| F|  |TAMS 0x0000000084e00000, 0x0000000084e00000| Untracked 
|  79|0x0000000084f00000, 0x0000000084f00000, 0x0000000085000000|  0%| F|  |TAMS 0x0000000084f00000, 0x0000000084f00000| Untracked 
|  80|0x0000000085000000, 0x0000000085000000, 0x0000000085100000|  0%| F|  |TAMS 0x0000000085000000, 0x0000000085000000| Untracked 
|  81|0x0000000085100000, 0x0000000085100000, 0x0000000085200000|  0%| F|  |TAMS 0x0000000085100000, 0x0000000085100000| Untracked 
|  82|0x0000000085200000, 0x0000000085200000, 0x0000000085300000|  0%| F|  |TAMS 0x0000000085200000, 0x0000000085200000| Untracked 
|  83|0x0000000085300000, 0x0000000085300000, 0x0000000085400000|  0%| F|  |TAMS 0x0000000085300000, 0x0000000085300000| Untracked 
|  84|0x0000000085400000, 0x0000000085400000, 0x0000000085500000|  0%| F|  |TAMS 0x0000000085400000, 0x0000000085400000| Untracked 
|  85|0x0000000085500000, 0x0000000085500000, 0x0000000085600000|  0%| F|  |TAMS 0x0000000085500000, 0x0000000085500000| Untracked 
|  86|0x0000000085600000, 0x0000000085600000, 0x0000000085700000|  0%| F|  |TAMS 0x0000000085600000, 0x0000000085600000| Untracked 
|  87|0x0000000085700000, 0x0000000085700000, 0x0000000085800000|  0%| F|  |TAMS 0x0000000085700000, 0x0000000085700000| Untracked 
|  88|0x0000000085800000, 0x0000000085800000, 0x0000000085900000|  0%| F|  |TAMS 0x0000000085800000, 0x0000000085800000| Untracked 
|  89|0x0000000085900000, 0x0000000085900000, 0x0000000085a00000|  0%| F|  |TAMS 0x0000000085900000, 0x0000000085900000| Untracked 
|  90|0x0000000085a00000, 0x0000000085a00000, 0x0000000085b00000|  0%| F|  |TAMS 0x0000000085a00000, 0x0000000085a00000| Untracked 
|  91|0x0000000085b00000, 0x0000000085b00000, 0x0000000085c00000|  0%| F|  |TAMS 0x0000000085b00000, 0x0000000085b00000| Untracked 
|  92|0x0000000085c00000, 0x0000000085c00000, 0x0000000085d00000|  0%| F|  |TAMS 0x0000000085c00000, 0x0000000085c00000| Untracked 
|  93|0x0000000085d00000, 0x0000000085d00000, 0x0000000085e00000|  0%| F|  |TAMS 0x0000000085d00000, 0x0000000085d00000| Untracked 
|  94|0x0000000085e00000, 0x0000000085e00000, 0x0000000085f00000|  0%| F|  |TAMS 0x0000000085e00000, 0x0000000085e00000| Untracked 
|  95|0x0000000085f00000, 0x0000000085f00000, 0x0000000086000000|  0%| F|  |TAMS 0x0000000085f00000, 0x0000000085f00000| Untracked 
|  96|0x0000000086000000, 0x0000000086000000, 0x0000000086100000|  0%| F|  |TAMS 0x0000000086000000, 0x0000000086000000| Untracked 
|  97|0x0000000086100000, 0x0000000086100000, 0x0000000086200000|  0%| F|  |TAMS 0x0000000086100000, 0x0000000086100000| Untracked 
|  98|0x0000000086200000, 0x0000000086200000, 0x0000000086300000|  0%| F|  |TAMS 0x0000000086200000, 0x0000000086200000| Untracked 
|  99|0x0000000086300000, 0x0000000086300000, 0x0000000086400000|  0%| F|  |TAMS 0x0000000086300000, 0x0000000086300000| Untracked 
| 100|0x0000000086400000, 0x0000000086400000, 0x0000000086500000|  0%| F|  |TAMS 0x0000000086400000, 0x0000000086400000| Untracked 
| 101|0x0000000086500000, 0x0000000086500000, 0x0000000086600000|  0%| F|  |TAMS 0x0000000086500000, 0x0000000086500000| Untracked 
| 102|0x0000000086600000, 0x0000000086600000, 0x0000000086700000|  0%| F|  |TAMS 0x0000000086600000, 0x0000000086600000| Untracked 
| 103|0x0000000086700000, 0x0000000086700000, 0x0000000086800000|  0%| F|  |TAMS 0x0000000086700000, 0x0000000086700000| Untracked 
| 104|0x0000000086800000, 0x0000000086800000, 0x0000000086900000|  0%| F|  |TAMS 0x0000000086800000, 0x0000000086800000| Untracked 
| 105|0x0000000086900000, 0x0000000086900000, 0x0000000086a00000|  0%| F|  |TAMS 0x0000000086900000, 0x0000000086900000| Untracked 
| 106|0x0000000086a00000, 0x0000000086a00000, 0x0000000086b00000|  0%| F|  |TAMS 0x0000000086a00000, 0x0000000086a00000| Untracked 
| 107|0x0000000086b00000, 0x0000000086b00000, 0x0000000086c00000|  0%| F|  |TAMS 0x0000000086b00000, 0x0000000086b00000| Untracked 
| 108|0x0000000086c00000, 0x0000000086c00000, 0x0000000086d00000|  0%| F|  |TAMS 0x0000000086c00000, 0x0000000086c00000| Untracked 
| 109|0x0000000086d00000, 0x0000000086d00000, 0x0000000086e00000|  0%| F|  |TAMS 0x0000000086d00000, 0x0000000086d00000| Untracked 
| 110|0x0000000086e00000, 0x0000000086e00000, 0x0000000086f00000|  0%| F|  |TAMS 0x0000000086e00000, 0x0000000086e00000| Untracked 
| 111|0x0000000086f00000, 0x0000000086f00000, 0x0000000087000000|  0%| F|  |TAMS 0x0000000086f00000, 0x0000000086f00000| Untracked 
| 112|0x0000000087000000, 0x0000000087000000, 0x0000000087100000|  0%| F|  |TAMS 0x0000000087000000, 0x0000000087000000| Untracked 
| 113|0x0000000087100000, 0x0000000087100000, 0x0000000087200000|  0%| F|  |TAMS 0x0000000087100000, 0x0000000087100000| Untracked 
| 114|0x0000000087200000, 0x0000000087200000, 0x0000000087300000|  0%| F|  |TAMS 0x0000000087200000, 0x0000000087200000| Untracked 
| 115|0x0000000087300000, 0x0000000087300000, 0x0000000087400000|  0%| F|  |TAMS 0x0000000087300000, 0x0000000087300000| Untracked 
| 116|0x0000000087400000, 0x0000000087400000, 0x0000000087500000|  0%| F|  |TAMS 0x0000000087400000, 0x0000000087400000| Untracked 
| 117|0x0000000087500000, 0x0000000087500000, 0x0000000087600000|  0%| F|  |TAMS 0x0000000087500000, 0x0000000087500000| Untracked 
| 118|0x0000000087600000, 0x0000000087600000, 0x0000000087700000|  0%| F|  |TAMS 0x0000000087600000, 0x0000000087600000| Untracked 
| 119|0x0000000087700000, 0x0000000087700000, 0x0000000087800000|  0%| F|  |TAMS 0x0000000087700000, 0x0000000087700000| Untracked 
| 120|0x0000000087800000, 0x0000000087800000, 0x0000000087900000|  0%| F|  |TAMS 0x0000000087800000, 0x0000000087800000| Untracked 
| 121|0x0000000087900000, 0x0000000087900000, 0x0000000087a00000|  0%| F|  |TAMS 0x0000000087900000, 0x0000000087900000| Untracked 
| 122|0x0000000087a00000, 0x0000000087a00000, 0x0000000087b00000|  0%| F|  |TAMS 0x0000000087a00000, 0x0000000087a00000| Untracked 
| 123|0x0000000087b00000, 0x0000000087b00000, 0x0000000087c00000|  0%| F|  |TAMS 0x0000000087b00000, 0x0000000087b00000| Untracked 
| 124|0x0000000087c00000, 0x0000000087c00000, 0x0000000087d00000|  0%| F|  |TAMS 0x0000000087c00000, 0x0000000087c00000| Untracked 
| 125|0x0000000087d00000, 0x0000000087d00000, 0x0000000087e00000|  0%| F|  |TAMS 0x0000000087d00000, 0x0000000087d00000| Untracked 
| 126|0x0000000087e00000, 0x0000000087e00000, 0x0000000087f00000|  0%| F|  |TAMS 0x0000000087e00000, 0x0000000087e00000| Untracked 
| 127|0x0000000087f00000, 0x0000000087f00000, 0x0000000088000000|  0%| F|  |TAMS 0x0000000087f00000, 0x0000000087f00000| Untracked 
| 128|0x0000000088000000, 0x0000000088000000, 0x0000000088100000|  0%| F|  |TAMS 0x0000000088000000, 0x0000000088000000| Untracked 
| 129|0x0000000088100000, 0x0000000088100000, 0x0000000088200000|  0%| F|  |TAMS 0x0000000088100000, 0x0000000088100000| Untracked 
| 130|0x0000000088200000, 0x0000000088200000, 0x0000000088300000|  0%| F|  |TAMS 0x0000000088200000, 0x0000000088200000| Untracked 
| 131|0x0000000088300000, 0x0000000088300000, 0x0000000088400000|  0%| F|  |TAMS 0x0000000088300000, 0x0000000088300000| Untracked 
| 132|0x0000000088400000, 0x0000000088400000, 0x0000000088500000|  0%| F|  |TAMS 0x0000000088400000, 0x0000000088400000| Untracked 
| 133|0x0000000088500000, 0x0000000088500000, 0x0000000088600000|  0%| F|  |TAMS 0x0000000088500000, 0x0000000088500000| Untracked 
| 134|0x0000000088600000, 0x0000000088600000, 0x0000000088700000|  0%| F|  |TAMS 0x0000000088600000, 0x0000000088600000| Untracked 
| 135|0x0000000088700000, 0x0000000088700000, 0x0000000088800000|  0%| F|  |TAMS 0x0000000088700000, 0x0000000088700000| Untracked 
| 136|0x0000000088800000, 0x0000000088800000, 0x0000000088900000|  0%| F|  |TAMS 0x0000000088800000, 0x0000000088800000| Untracked 
| 137|0x0000000088900000, 0x0000000088900000, 0x0000000088a00000|  0%| F|  |TAMS 0x0000000088900000, 0x0000000088900000| Untracked 
| 138|0x0000000088a00000, 0x0000000088a00000, 0x0000000088b00000|  0%| F|  |TAMS 0x0000000088a00000, 0x0000000088a00000| Untracked 
| 139|0x0000000088b00000, 0x0000000088b00000, 0x0000000088c00000|  0%| F|  |TAMS 0x0000000088b00000, 0x0000000088b00000| Untracked 
| 140|0x0000000088c00000, 0x0000000088c27bf0, 0x0000000088d00000| 15%| S|CS|TAMS 0x0000000088c00000, 0x0000000088c00000| Complete 
| 141|0x0000000088d00000, 0x0000000088e00000, 0x0000000088e00000|100%| S|CS|TAMS 0x0000000088d00000, 0x0000000088d00000| Complete 
| 142|0x0000000088e00000, 0x0000000088f00000, 0x0000000088f00000|100%| S|CS|TAMS 0x0000000088e00000, 0x0000000088e00000| Complete 
| 143|0x0000000088f00000, 0x0000000089000000, 0x0000000089000000|100%| S|CS|TAMS 0x0000000088f00000, 0x0000000088f00000| Complete 
| 144|0x0000000089000000, 0x0000000089100000, 0x0000000089100000|100%| S|CS|TAMS 0x0000000089000000, 0x0000000089000000| Complete 
| 145|0x0000000089100000, 0x0000000089200000, 0x0000000089200000|100%| S|CS|TAMS 0x0000000089100000, 0x0000000089100000| Complete 
| 146|0x0000000089200000, 0x0000000089300000, 0x0000000089300000|100%| S|CS|TAMS 0x0000000089200000, 0x0000000089200000| Complete 
| 147|0x0000000089300000, 0x0000000089400000, 0x0000000089400000|100%| S|CS|TAMS 0x0000000089300000, 0x0000000089300000| Complete 
| 148|0x0000000089400000, 0x0000000089500000, 0x0000000089500000|100%| S|CS|TAMS 0x0000000089400000, 0x0000000089400000| Complete 
| 149|0x0000000089500000, 0x0000000089600000, 0x0000000089600000|100%| S|CS|TAMS 0x0000000089500000, 0x0000000089500000| Complete 
| 150|0x0000000089600000, 0x0000000089700000, 0x0000000089700000|100%| S|CS|TAMS 0x0000000089600000, 0x0000000089600000| Complete 
| 151|0x0000000089700000, 0x0000000089800000, 0x0000000089800000|100%| S|CS|TAMS 0x0000000089700000, 0x0000000089700000| Complete 
| 152|0x0000000089800000, 0x0000000089800000, 0x0000000089900000|  0%| F|  |TAMS 0x0000000089800000, 0x0000000089800000| Untracked 
| 153|0x0000000089900000, 0x0000000089900000, 0x0000000089a00000|  0%| F|  |TAMS 0x0000000089900000, 0x0000000089900000| Untracked 
| 154|0x0000000089a00000, 0x0000000089a00000, 0x0000000089b00000|  0%| F|  |TAMS 0x0000000089a00000, 0x0000000089a00000| Untracked 
| 155|0x0000000089b00000, 0x0000000089b00000, 0x0000000089c00000|  0%| F|  |TAMS 0x0000000089b00000, 0x0000000089b00000| Untracked 
| 156|0x0000000089c00000, 0x0000000089c00000, 0x0000000089d00000|  0%| F|  |TAMS 0x0000000089c00000, 0x0000000089c00000| Untracked 
| 157|0x0000000089d00000, 0x0000000089d00000, 0x0000000089e00000|  0%| F|  |TAMS 0x0000000089d00000, 0x0000000089d00000| Untracked 
| 158|0x0000000089e00000, 0x0000000089e00000, 0x0000000089f00000|  0%| F|  |TAMS 0x0000000089e00000, 0x0000000089e00000| Untracked 
| 159|0x0000000089f00000, 0x0000000089f00000, 0x000000008a000000|  0%| F|  |TAMS 0x0000000089f00000, 0x0000000089f00000| Untracked 
| 160|0x000000008a000000, 0x000000008a000000, 0x000000008a100000|  0%| F|  |TAMS 0x000000008a000000, 0x000000008a000000| Untracked 
| 161|0x000000008a100000, 0x000000008a100000, 0x000000008a200000|  0%| F|  |TAMS 0x000000008a100000, 0x000000008a100000| Untracked 
| 162|0x000000008a200000, 0x000000008a200000, 0x000000008a300000|  0%| F|  |TAMS 0x000000008a200000, 0x000000008a200000| Untracked 
| 163|0x000000008a300000, 0x000000008a300000, 0x000000008a400000|  0%| F|  |TAMS 0x000000008a300000, 0x000000008a300000| Untracked 
| 164|0x000000008a400000, 0x000000008a400000, 0x000000008a500000|  0%| F|  |TAMS 0x000000008a400000, 0x000000008a400000| Untracked 
| 165|0x000000008a500000, 0x000000008a500000, 0x000000008a600000|  0%| F|  |TAMS 0x000000008a500000, 0x000000008a500000| Untracked 
| 166|0x000000008a600000, 0x000000008a600000, 0x000000008a700000|  0%| F|  |TAMS 0x000000008a600000, 0x000000008a600000| Untracked 
| 167|0x000000008a700000, 0x000000008a700000, 0x000000008a800000|  0%| F|  |TAMS 0x000000008a700000, 0x000000008a700000| Untracked 
| 168|0x000000008a800000, 0x000000008a800000, 0x000000008a900000|  0%| F|  |TAMS 0x000000008a800000, 0x000000008a800000| Untracked 
| 169|0x000000008a900000, 0x000000008a900000, 0x000000008aa00000|  0%| F|  |TAMS 0x000000008a900000, 0x000000008a900000| Untracked 
| 170|0x000000008aa00000, 0x000000008aa00000, 0x000000008ab00000|  0%| F|  |TAMS 0x000000008aa00000, 0x000000008aa00000| Untracked 
| 171|0x000000008ab00000, 0x000000008ab00000, 0x000000008ac00000|  0%| F|  |TAMS 0x000000008ab00000, 0x000000008ab00000| Untracked 
| 172|0x000000008ac00000, 0x000000008ac00000, 0x000000008ad00000|  0%| F|  |TAMS 0x000000008ac00000, 0x000000008ac00000| Untracked 
| 173|0x000000008ad00000, 0x000000008ad00000, 0x000000008ae00000|  0%| F|  |TAMS 0x000000008ad00000, 0x000000008ad00000| Untracked 
| 174|0x000000008ae00000, 0x000000008ae00000, 0x000000008af00000|  0%| F|  |TAMS 0x000000008ae00000, 0x000000008ae00000| Untracked 
| 175|0x000000008af00000, 0x000000008af00000, 0x000000008b000000|  0%| F|  |TAMS 0x000000008af00000, 0x000000008af00000| Untracked 
| 176|0x000000008b000000, 0x000000008b000000, 0x000000008b100000|  0%| F|  |TAMS 0x000000008b000000, 0x000000008b000000| Untracked 
| 177|0x000000008b100000, 0x000000008b100000, 0x000000008b200000|  0%| F|  |TAMS 0x000000008b100000, 0x000000008b100000| Untracked 
| 178|0x000000008b200000, 0x000000008b200000, 0x000000008b300000|  0%| F|  |TAMS 0x000000008b200000, 0x000000008b200000| Untracked 
| 179|0x000000008b300000, 0x000000008b300000, 0x000000008b400000|  0%| F|  |TAMS 0x000000008b300000, 0x000000008b300000| Untracked 
| 180|0x000000008b400000, 0x000000008b400000, 0x000000008b500000|  0%| F|  |TAMS 0x000000008b400000, 0x000000008b400000| Untracked 
| 181|0x000000008b500000, 0x000000008b500000, 0x000000008b600000|  0%| F|  |TAMS 0x000000008b500000, 0x000000008b500000| Untracked 
| 182|0x000000008b600000, 0x000000008b600000, 0x000000008b700000|  0%| F|  |TAMS 0x000000008b600000, 0x000000008b600000| Untracked 
| 183|0x000000008b700000, 0x000000008b700000, 0x000000008b800000|  0%| F|  |TAMS 0x000000008b700000, 0x000000008b700000| Untracked 
| 184|0x000000008b800000, 0x000000008b800000, 0x000000008b900000|  0%| F|  |TAMS 0x000000008b800000, 0x000000008b800000| Untracked 
| 185|0x000000008b900000, 0x000000008b900000, 0x000000008ba00000|  0%| F|  |TAMS 0x000000008b900000, 0x000000008b900000| Untracked 
| 186|0x000000008ba00000, 0x000000008ba00000, 0x000000008bb00000|  0%| F|  |TAMS 0x000000008ba00000, 0x000000008ba00000| Untracked 
| 187|0x000000008bb00000, 0x000000008bb00000, 0x000000008bc00000|  0%| F|  |TAMS 0x000000008bb00000, 0x000000008bb00000| Untracked 
| 188|0x000000008bc00000, 0x000000008bc00000, 0x000000008bd00000|  0%| F|  |TAMS 0x000000008bc00000, 0x000000008bc00000| Untracked 
| 189|0x000000008bd00000, 0x000000008bd00000, 0x000000008be00000|  0%| F|  |TAMS 0x000000008bd00000, 0x000000008bd00000| Untracked 
| 190|0x000000008be00000, 0x000000008be00000, 0x000000008bf00000|  0%| F|  |TAMS 0x000000008be00000, 0x000000008be00000| Untracked 
| 191|0x000000008bf00000, 0x000000008bf00000, 0x000000008c000000|  0%| F|  |TAMS 0x000000008bf00000, 0x000000008bf00000| Untracked 
| 192|0x000000008c000000, 0x000000008c000000, 0x000000008c100000|  0%| F|  |TAMS 0x000000008c000000, 0x000000008c000000| Untracked 
| 193|0x000000008c100000, 0x000000008c100000, 0x000000008c200000|  0%| F|  |TAMS 0x000000008c100000, 0x000000008c100000| Untracked 
| 194|0x000000008c200000, 0x000000008c200000, 0x000000008c300000|  0%| F|  |TAMS 0x000000008c200000, 0x000000008c200000| Untracked 
| 195|0x000000008c300000, 0x000000008c300000, 0x000000008c400000|  0%| F|  |TAMS 0x000000008c300000, 0x000000008c300000| Untracked 
| 196|0x000000008c400000, 0x000000008c400000, 0x000000008c500000|  0%| F|  |TAMS 0x000000008c400000, 0x000000008c400000| Untracked 
| 197|0x000000008c500000, 0x000000008c500000, 0x000000008c600000|  0%| F|  |TAMS 0x000000008c500000, 0x000000008c500000| Untracked 
| 198|0x000000008c600000, 0x000000008c600000, 0x000000008c700000|  0%| F|  |TAMS 0x000000008c600000, 0x000000008c600000| Untracked 
| 199|0x000000008c700000, 0x000000008c700000, 0x000000008c800000|  0%| F|  |TAMS 0x000000008c700000, 0x000000008c700000| Untracked 
| 200|0x000000008c800000, 0x000000008c800000, 0x000000008c900000|  0%| F|  |TAMS 0x000000008c800000, 0x000000008c800000| Untracked 
| 201|0x000000008c900000, 0x000000008c900000, 0x000000008ca00000|  0%| F|  |TAMS 0x000000008c900000, 0x000000008c900000| Untracked 
| 202|0x000000008ca00000, 0x000000008ca00000, 0x000000008cb00000|  0%| F|  |TAMS 0x000000008ca00000, 0x000000008ca00000| Untracked 
| 203|0x000000008cb00000, 0x000000008cb00000, 0x000000008cc00000|  0%| F|  |TAMS 0x000000008cb00000, 0x000000008cb00000| Untracked 
| 204|0x000000008cc00000, 0x000000008cc00000, 0x000000008cd00000|  0%| F|  |TAMS 0x000000008cc00000, 0x000000008cc00000| Untracked 
| 205|0x000000008cd00000, 0x000000008cd00000, 0x000000008ce00000|  0%| F|  |TAMS 0x000000008cd00000, 0x000000008cd00000| Untracked 
| 206|0x000000008ce00000, 0x000000008ce00000, 0x000000008cf00000|  0%| F|  |TAMS 0x000000008ce00000, 0x000000008ce00000| Untracked 
| 207|0x000000008cf00000, 0x000000008cf00000, 0x000000008d000000|  0%| F|  |TAMS 0x000000008cf00000, 0x000000008cf00000| Untracked 
| 208|0x000000008d000000, 0x000000008d000000, 0x000000008d100000|  0%| F|  |TAMS 0x000000008d000000, 0x000000008d000000| Untracked 
| 209|0x000000008d100000, 0x000000008d100000, 0x000000008d200000|  0%| F|  |TAMS 0x000000008d100000, 0x000000008d100000| Untracked 
| 210|0x000000008d200000, 0x000000008d200000, 0x000000008d300000|  0%| F|  |TAMS 0x000000008d200000, 0x000000008d200000| Untracked 
| 211|0x000000008d300000, 0x000000008d300000, 0x000000008d400000|  0%| F|  |TAMS 0x000000008d300000, 0x000000008d300000| Untracked 
| 212|0x000000008d400000, 0x000000008d400000, 0x000000008d500000|  0%| F|  |TAMS 0x000000008d400000, 0x000000008d400000| Untracked 
| 213|0x000000008d500000, 0x000000008d500000, 0x000000008d600000|  0%| F|  |TAMS 0x000000008d500000, 0x000000008d500000| Untracked 
| 214|0x000000008d600000, 0x000000008d600000, 0x000000008d700000|  0%| F|  |TAMS 0x000000008d600000, 0x000000008d600000| Untracked 
| 215|0x000000008d700000, 0x000000008d700000, 0x000000008d800000|  0%| F|  |TAMS 0x000000008d700000, 0x000000008d700000| Untracked 
| 216|0x000000008d800000, 0x000000008d800000, 0x000000008d900000|  0%| F|  |TAMS 0x000000008d800000, 0x000000008d800000| Untracked 
| 217|0x000000008d900000, 0x000000008d900000, 0x000000008da00000|  0%| F|  |TAMS 0x000000008d900000, 0x000000008d900000| Untracked 
| 218|0x000000008da00000, 0x000000008da00000, 0x000000008db00000|  0%| F|  |TAMS 0x000000008da00000, 0x000000008da00000| Untracked 
| 219|0x000000008db00000, 0x000000008db00000, 0x000000008dc00000|  0%| F|  |TAMS 0x000000008db00000, 0x000000008db00000| Untracked 
| 220|0x000000008dc00000, 0x000000008dc00000, 0x000000008dd00000|  0%| F|  |TAMS 0x000000008dc00000, 0x000000008dc00000| Untracked 
| 221|0x000000008dd00000, 0x000000008dd00000, 0x000000008de00000|  0%| F|  |TAMS 0x000000008dd00000, 0x000000008dd00000| Untracked 
| 222|0x000000008de00000, 0x000000008de00000, 0x000000008df00000|  0%| F|  |TAMS 0x000000008de00000, 0x000000008de00000| Untracked 
| 223|0x000000008df00000, 0x000000008df00000, 0x000000008e000000|  0%| F|  |TAMS 0x000000008df00000, 0x000000008df00000| Untracked 
| 224|0x000000008e000000, 0x000000008e000000, 0x000000008e100000|  0%| F|  |TAMS 0x000000008e000000, 0x000000008e000000| Untracked 
| 225|0x000000008e100000, 0x000000008e100000, 0x000000008e200000|  0%| F|  |TAMS 0x000000008e100000, 0x000000008e100000| Untracked 
| 226|0x000000008e200000, 0x000000008e200000, 0x000000008e300000|  0%| F|  |TAMS 0x000000008e200000, 0x000000008e200000| Untracked 
| 227|0x000000008e300000, 0x000000008e300000, 0x000000008e400000|  0%| F|  |TAMS 0x000000008e300000, 0x000000008e300000| Untracked 
| 228|0x000000008e400000, 0x000000008e400000, 0x000000008e500000|  0%| F|  |TAMS 0x000000008e400000, 0x000000008e400000| Untracked 
| 229|0x000000008e500000, 0x000000008e500000, 0x000000008e600000|  0%| F|  |TAMS 0x000000008e500000, 0x000000008e500000| Untracked 
| 230|0x000000008e600000, 0x000000008e600000, 0x000000008e700000|  0%| F|  |TAMS 0x000000008e600000, 0x000000008e600000| Untracked 
| 231|0x000000008e700000, 0x000000008e700000, 0x000000008e800000|  0%| F|  |TAMS 0x000000008e700000, 0x000000008e700000| Untracked 
| 232|0x000000008e800000, 0x000000008e800000, 0x000000008e900000|  0%| F|  |TAMS 0x000000008e800000, 0x000000008e800000| Untracked 
| 233|0x000000008e900000, 0x000000008e900000, 0x000000008ea00000|  0%| F|  |TAMS 0x000000008e900000, 0x000000008e900000| Untracked 
| 234|0x000000008ea00000, 0x000000008ea00000, 0x000000008eb00000|  0%| F|  |TAMS 0x000000008ea00000, 0x000000008ea00000| Untracked 
| 235|0x000000008eb00000, 0x000000008eb00000, 0x000000008ec00000|  0%| F|  |TAMS 0x000000008eb00000, 0x000000008eb00000| Untracked 
| 236|0x000000008ec00000, 0x000000008ec00000, 0x000000008ed00000|  0%| F|  |TAMS 0x000000008ec00000, 0x000000008ec00000| Untracked 
| 237|0x000000008ed00000, 0x000000008ed00000, 0x000000008ee00000|  0%| F|  |TAMS 0x000000008ed00000, 0x000000008ed00000| Untracked 
| 238|0x000000008ee00000, 0x000000008ee00000, 0x000000008ef00000|  0%| F|  |TAMS 0x000000008ee00000, 0x000000008ee00000| Untracked 
| 239|0x000000008ef00000, 0x000000008ef00000, 0x000000008f000000|  0%| F|  |TAMS 0x000000008ef00000, 0x000000008ef00000| Untracked 
| 240|0x000000008f000000, 0x000000008f000000, 0x000000008f100000|  0%| F|  |TAMS 0x000000008f000000, 0x000000008f000000| Untracked 
| 241|0x000000008f100000, 0x000000008f100000, 0x000000008f200000|  0%| F|  |TAMS 0x000000008f100000, 0x000000008f100000| Untracked 
| 242|0x000000008f200000, 0x000000008f200000, 0x000000008f300000|  0%| F|  |TAMS 0x000000008f200000, 0x000000008f200000| Untracked 
| 243|0x000000008f300000, 0x000000008f300000, 0x000000008f400000|  0%| F|  |TAMS 0x000000008f300000, 0x000000008f300000| Untracked 
| 244|0x000000008f400000, 0x000000008f400000, 0x000000008f500000|  0%| F|  |TAMS 0x000000008f400000, 0x000000008f400000| Untracked 
| 245|0x000000008f500000, 0x000000008f500000, 0x000000008f600000|  0%| F|  |TAMS 0x000000008f500000, 0x000000008f500000| Untracked 
| 246|0x000000008f600000, 0x000000008f600000, 0x000000008f700000|  0%| F|  |TAMS 0x000000008f600000, 0x000000008f600000| Untracked 
| 247|0x000000008f700000, 0x000000008f700000, 0x000000008f800000|  0%| F|  |TAMS 0x000000008f700000, 0x000000008f700000| Untracked 
| 248|0x000000008f800000, 0x000000008f800000, 0x000000008f900000|  0%| F|  |TAMS 0x000000008f800000, 0x000000008f800000| Untracked 
| 249|0x000000008f900000, 0x000000008f9a7d98, 0x000000008fa00000| 65%| E|  |TAMS 0x000000008f900000, 0x000000008f900000| Complete 

Card table byte_map: [0x00007fda2607e000,0x00007fda2647e000] _byte_map_base: 0x00007fda25c7e000

Marking Bits (Prev, Next): (CMBitMap*) 0x00007fda200590b8, (CMBitMap*) 0x00007fda200590f0
 Prev Bits: [0x00007fda06000000, 0x00007fda08000000)
 Next Bits: [0x00007fda04000000, 0x00007fda06000000)

Polling page: 0x00007fda28b22000

Metaspace:

Usage:
  Non-class:     18,19 MB capacity,    17,91 MB ( 98%) used,   256,59 KB (  1%) free+waste,    33,94 KB ( <1%) overhead. 
      Class:      2,62 MB capacity,     2,45 MB ( 94%) used,   150,17 KB (  6%) free+waste,    16,25 KB ( <1%) overhead. 
       Both:     20,81 MB capacity,    20,36 MB ( 98%) used,   406,76 KB (  2%) free+waste,    50,19 KB ( <1%) overhead. 

Virtual space:
  Non-class space:       20,00 MB reserved,      18,42 MB ( 92%) committed 
      Class space:        1,00 GB reserved,       2,62 MB ( <1%) committed 
             Both:        1,02 GB reserved,      21,05 MB (  2%) committed 

Chunk freelists:
   Non-Class:  125,00 KB
       Class:  9,00 KB
        Both:  134,00 KB

MaxMetaspaceSize: unlimited
CompressedClassSpaceSize: 1,00 GB
Initial GC threshold: 20,80 MB
Current GC threshold: 21,12 MB
CDS: off

CodeHeap 'non-profiled nmethods': size=120032Kb used=910Kb max_used=910Kb free=119121Kb
 bounds [0x00007fda14fd0000, 0x00007fda15240000, 0x00007fda1c508000]
CodeHeap 'profiled nmethods': size=120028Kb used=3405Kb max_used=3405Kb free=116622Kb
 bounds [0x00007fda0da99000, 0x00007fda0ddf9000, 0x00007fda14fd0000]
CodeHeap 'non-nmethods': size=5700Kb used=1188Kb max_used=1246Kb free=4511Kb
 bounds [0x00007fda0d508000, 0x00007fda0d778000, 0x00007fda0da99000]
 total_blobs=2188 nmethods=1723 adapters=379
 compilation: enabled
              stopped_count=0, restarted_count=0
 full_count=0

Compilation events (20 events):
Event: 0,949 Thread 0x00007fda201ed800 1708       3       com.google.common.collect.Iterators$ArrayItr::get (12 bytes)
Event: 0,949 Thread 0x00007fd9d8095000 nmethod 1692 0x00007fda150b2190 code [0x00007fda150b2360, 0x00007fda150b2ad8]
Event: 0,949 Thread 0x00007fda201ed800 nmethod 1708 0x00007fda0dde2090 code [0x00007fda0dde2240, 0x00007fda0dde2370]
Event: 0,949 Thread 0x00007fda201ed800 1709       3       org.gradle.internal.file.FilePathUtil::sizeOfCommonPrefix (142 bytes)
Event: 0,951 Thread 0x00007fda201ed800 nmethod 1709 0x00007fda0dde2490 code [0x00007fda0dde28e0, 0x00007fda0dde4ab0]
Event: 0,951 Thread 0x00007fda201ed800 1710       3       org.gradle.internal.file.FileHierarchySet$Node::sizeOfCommonPrefix (10 bytes)
Event: 0,952 Thread 0x00007fda201ed800 nmethod 1710 0x00007fda0dde5810 code [0x00007fda0dde59e0, 0x00007fda0dde5b60]
Event: 0,952 Thread 0x00007fda201ed800 1711       3       org.gradle.internal.file.FilePathUtil::sizeOfCommonPrefix (10 bytes)
Event: 0,952 Thread 0x00007fda201ed800 nmethod 1711 0x00007fda0dde5c10 code [0x00007fda0dde5dc0, 0x00007fda0dde5ec0]
Event: 0,957 Thread 0x00007fda201ed800 1712       3       java.lang.String::substring (68 bytes)
Event: 0,957 Thread 0x00007fda201ed800 nmethod 1712 0x00007fda0dde5f90 code [0x00007fda0dde61e0, 0x00007fda0dde6910]
Event: 0,957 Thread 0x00007fda201ed800 1713       3       java.lang.invoke.MethodHandleNatives::findMethodHandleType (7 bytes)
Event: 0,957 Thread 0x00007fda201ed800 nmethod 1713 0x00007fda0dde6b90 code [0x00007fda0dde6d40, 0x00007fda0dde6e40]
Event: 0,960 Thread 0x00007fda201ed800 1716       3       java.lang.invoke.MethodTypeForm::cachedLambdaForm (44 bytes)
Event: 0,960 Thread 0x00007fda201ed800 nmethod 1716 0x00007fda0dde6f10 code [0x00007fda0dde70e0, 0x00007fda0dde7420]
Event: 0,960 Thread 0x00007fda201ed800 1717       3       jdk.internal.org.objectweb.asm.MethodWriter::visitCode (1 bytes)
Event: 0,960 Thread 0x00007fda201ed800 nmethod 1717 0x00007fda0dde7510 code [0x00007fda0dde76c0, 0x00007fda0dde77b0]
Event: 0,960 Thread 0x00007fda201ed800 1715       3       java.lang.invoke.DirectMethodHandle::shouldBeInitialized (123 bytes)
Event: 0,962 Thread 0x00007fda201ed800 nmethod 1715 0x00007fda0dde7810 code [0x00007fda0dde7c00, 0x00007fda0dde9250]
Event: 0,962 Thread 0x00007fda201ed800 1719       3       sun.invoke.util.BytecodeDescriptor::unparseMethod (66 bytes)

GC Heap History (4 events):
Event: 0,347 GC heap before
{Heap before GC invocations=0 (full 0):
 garbage-first heap   total 256000K, used 29696K [0x0000000080000000, 0x0000000100000000)
  region size 1024K, 24 young (24576K), 0 survivors (0K)
 Metaspace       used 9606K, capacity 9808K, committed 10112K, reserved 1058816K
  class space    used 988K, capacity 1037K, committed 1152K, reserved 1048576K
}
Event: 0,349 GC heap after
{Heap after GC invocations=1 (full 0):
 garbage-first heap   total 256000K, used 8923K [0x0000000080000000, 0x0000000100000000)
  region size 1024K, 3 young (3072K), 3 survivors (3072K)
 Metaspace       used 9606K, capacity 9808K, committed 10112K, reserved 1058816K
  class space    used 988K, capacity 1037K, committed 1152K, reserved 1048576K
}
Event: 0,962 GC heap before
{Heap before GC invocations=1 (full 0):
 garbage-first heap   total 256000K, used 105179K [0x0000000080000000, 0x0000000100000000)
  region size 1024K, 98 young (100352K), 3 survivors (3072K)
 Metaspace       used 20696K, capacity 21076K, committed 21296K, reserved 1069056K
  class space    used 2497K, capacity 2641K, committed 2688K, reserved 1048576K
}
Event: 0,968 GC heap after
{Heap after GC invocations=2 (full 0):
 garbage-first heap   total 256000K, used 17274K [0x0000000080000000, 0x0000000100000000)
  region size 1024K, 12 young (12288K), 12 survivors (12288K)
 Metaspace       used 20696K, capacity 21076K, committed 21296K, reserved 1069056K
  class space    used 2497K, capacity 2641K, committed 2688K, reserved 1048576K
}

Deoptimization events (20 events):
Event: 0,951 Thread 0x00007fd9a0008800 Uncommon trap: trap_request=0xffffff4d fr.pc=0x00007fda150371e4 relative=0x0000000000000624
Event: 0,951 Thread 0x00007fd9a0008800 Uncommon trap: reason=unstable_if action=reinterpret pc=0x00007fda150371e4 method=java.io.File.getName()Ljava/lang/String; @ 16 c2
Event: 0,951 Thread 0x00007fd9a0008800 DEOPT PACKING pc=0x00007fda150371e4 sp=0x00007fd9f819df40
Event: 0,951 Thread 0x00007fd9a0008800 DEOPT UNPACKING pc=0x00007fda0d551ea5 sp=0x00007fd9f819df08 mode 2
Event: 0,951 Thread 0x00007fd9a0008800 Uncommon trap: trap_request=0xffffff4d fr.pc=0x00007fda14fe9930 relative=0x0000000000000650
Event: 0,951 Thread 0x00007fd9a0008800 Uncommon trap: reason=unstable_if action=reinterpret pc=0x00007fda14fe9930 method=java.io.UnixFileSystem.resolve(Ljava/lang/String;Ljava/lang/String;)Ljava/lang/String; @ 6 c2
Event: 0,951 Thread 0x00007fd9a0008800 DEOPT PACKING pc=0x00007fda14fe9930 sp=0x00007fd9f819de00
Event: 0,951 Thread 0x00007fd9a0008800 DEOPT UNPACKING pc=0x00007fda0d551ea5 sp=0x00007fd9f819ddc8 mode 2
Event: 0,951 Thread 0x00007fd9a0008800 Uncommon trap: trap_request=0xffffffc6 fr.pc=0x00007fda1503dc24 relative=0x0000000000000084
Event: 0,951 Thread 0x00007fd9a0008800 Uncommon trap: reason=bimorphic_or_optimized_type_check action=maybe_recompile pc=0x00007fda1503dc24 method=java.util.AbstractList$Itr.hasNext()Z @ 8 c2
Event: 0,951 Thread 0x00007fd9a0008800 DEOPT PACKING pc=0x00007fda1503dc24 sp=0x00007fd9f819d780
Event: 0,951 Thread 0x00007fd9a0008800 DEOPT UNPACKING pc=0x00007fda0d551ea5 sp=0x00007fd9f819d738 mode 2
Event: 0,951 Thread 0x00007fd9a0008800 Uncommon trap: trap_request=0xffffffc6 fr.pc=0x00007fda15047ff4 relative=0x0000000000000134
Event: 0,951 Thread 0x00007fd9a0008800 Uncommon trap: reason=bimorphic_or_optimized_type_check action=maybe_recompile pc=0x00007fda15047ff4 method=java.util.AbstractList$Itr.next()Ljava/lang/Object; @ 14 c2
Event: 0,951 Thread 0x00007fd9a0008800 DEOPT PACKING pc=0x00007fda15047ff4 sp=0x00007fd9f819d770
Event: 0,951 Thread 0x00007fd9a0008800 DEOPT UNPACKING pc=0x00007fda0d551ea5 sp=0x00007fd9f819d728 mode 2
Event: 0,951 Thread 0x00007fd9a0008800 Uncommon trap: trap_request=0xffffff4d fr.pc=0x00007fda150367b0 relative=0x0000000000000470
Event: 0,951 Thread 0x00007fd9a0008800 Uncommon trap: reason=unstable_if action=reinterpret pc=0x00007fda150367b0 method=java.lang.String.substring(I)Ljava/lang/String; @ 34 c2
Event: 0,951 Thread 0x00007fd9a0008800 DEOPT PACKING pc=0x00007fda150367b0 sp=0x00007fd9f819dd50
Event: 0,951 Thread 0x00007fd9a0008800 DEOPT UNPACKING pc=0x00007fda0d551ea5 sp=0x00007fd9f819dd28 mode 2

Classes redefined (0 events):
No events

Internal exceptions (16 events):
Event: 0,121 Thread 0x00007fda20015800 Exception <a 'java/lang/NoSuchMethodError'{0x000000008f71a478}: 'int java.lang.invoke.DirectMethodHandle$Holder.invokeStaticInit(java.lang.Object, java.lang.Object)'> (0x000000008f71a478) thrown at [src/hotspot/share/interpreter/linkResolver.cpp, line 773]
Event: 0,138 Thread 0x00007fda20015800 Exception <a 'java/lang/NoSuchMethodError'{0x000000008f7f9530}: 'int java.lang.invoke.DirectMethodHandle$Holder.invokeSpecial(java.lang.Object, java.lang.Object, java.lang.Object, java.lang.Object)'> (0x000000008f7f9530) thrown at [src/hotspot/share/interpreter/linkResolver.cpp, line 773]
Event: 0,142 Thread 0x00007fda20015800 Exception <a 'java/lang/NoSuchMethodError'{0x000000008f634d48}: 'int java.lang.invoke.DirectMethodHandle$Holder.invokeSpecialIFC(java.lang.Object, java.lang.Object, int)'> (0x000000008f634d48) thrown at [src/hotspot/share/interpreter/linkResolver.cpp, line 773]
Event: 0,245 Thread 0x00007fda20015800 Exception <a 'java/lang/NoClassDefFoundError'{0x000000008eb9a310}: org/slf4j/impl/StaticMarkerBinder> (0x000000008eb9a310) thrown at [src/hotspot/share/classfile/systemDictionary.cpp, line 220]
Event: 0,283 Thread 0x00007fda20015800 Exception <a 'java/lang/NoSuchMethodError'{0x000000008e74a778}: 'java.lang.Object java.lang.invoke.DirectMethodHandle$Holder.invokeVirtual(java.lang.Object, java.lang.Object, java.lang.Object, java.lang.Object, java.lang.Object, java.lang.Object, java.lang.Object)'> (0x000000008e74a778) thrown at [src/hotspot/share/interpreter/linkResolver.cpp, line 773]
Event: 0,284 Thread 0x00007fda20015800 Exception <a 'java/lang/NoSuchMethodError'{0x000000008e75ebd8}: 'java.lang.Object java.lang.invoke.Invokers$Holder.invoker(java.lang.Object, java.lang.Object, java.lang.Object)'> (0x000000008e75ebd8) thrown at [src/hotspot/share/interpreter/linkResolver.cpp, line 773]
Event: 0,286 Thread 0x00007fda20015800 Exception <a 'java/lang/NoSuchMethodError'{0x000000008e76fc50}: 'void java.lang.invoke.DelegatingMethodHandle$Holder.delegate(java.lang.Object, java.lang.Object, int, java.lang.Object)'> (0x000000008e76fc50) thrown at [src/hotspot/share/interpreter/linkResolver.cpp, line 773]
Event: 0,452 Thread 0x00007fda20015800 Exception <a 'java/security/PrivilegedActionException'{0x000000008d9b47b8}> (0x000000008d9b47b8) thrown at [src/hotspot/share/prims/jvm.cpp, line 1306]
Event: 0,452 Thread 0x00007fda20015800 Exception <a 'java/security/PrivilegedActionException'{0x000000008d9b4d30}> (0x000000008d9b4d30) thrown at [src/hotspot/share/prims/jvm.cpp, line 1306]
Event: 0,545 Thread 0x00007fda20015800 Exception <a 'java/lang/NoSuchMethodError'{0x000000008c9c05b8}: 'java.lang.Object java.lang.invoke.DirectMethodHandle$Holder.invokeStaticInit(java.lang.Object, java.lang.Object, java.lang.Object)'> (0x000000008c9c05b8) thrown at [src/hotspot/share/interpreter/linkResolver.cpp, line 773]
Event: 0,696 Thread 0x00007fd9a0008800 Exception <a 'java/lang/NoSuchMethodError'{0x000000008baf8a88}: 'long java.lang.invoke.DirectMethodHandle$Holder.invokeInterface(java.lang.Object, java.lang.Object)'> (0x000000008baf8a88) thrown at [src/hotspot/share/interpreter/linkResolver.cpp, line 773]
Event: 0,697 Thread 0x00007fd9a0008800 Exception <a 'java/lang/NoSuchMethodError'{0x000000008b906008}: 'void java.lang.invoke.DelegatingMethodHandle$Holder.reinvoke_L(java.lang.Object, java.lang.Object, java.lang.Object, java.lang.Object, java.lang.Object, java.lang.Object, java.lang.Object)'> (0x000000008b906008) thrown at [src/hotspot/share/interpreter/linkResolver.cpp, line 773]
Event: 0,904 Thread 0x00007fd9a0008800 Exception <a 'java/lang/NoSuchMethodError'{0x0000000089e59278}: 'void java.lang.invoke.DirectMethodHandle$Holder.invokeStaticInit(java.lang.Object)'> (0x0000000089e59278) thrown at [src/hotspot/share/interpreter/linkResolver.cpp, line 773]
Event: 0,915 Thread 0x00007fd9a0008800 Exception <a 'java/lang/NoSuchMethodError'{0x0000000089d06100}: 'java.lang.Object java.lang.invoke.DirectMethodHandle$Holder.invokeStatic(java.lang.Object, java.lang.Object, java.lang.Object, int)'> (0x0000000089d06100) thrown at [src/hotspot/share/interpreter/linkResolver.cpp, line 773]
Event: 0,915 Thread 0x00007fd9a0008800 Exception <a 'java/lang/NoSuchMethodError'{0x0000000089d0a818}: 'java.lang.Object java.lang.invoke.DirectMethodHandle$Holder.invokeSpecial(java.lang.Object, java.lang.Object, java.lang.Object, java.lang.Object, int)'> (0x0000000089d0a818) thrown at [src/hotspot/share/interpreter/linkResolver.cpp, line 773]
Event: 0,915 Thread 0x00007fd9a0008800 Exception <a 'java/lang/NoSuchMethodError'{0x0000000089d0e750}: 'java.lang.Object java.lang.invoke.Invokers$Holder.linkToTargetMethod(java.lang.Object, java.lang.Object, int, java.lang.Object)'> (0x0000000089d0e750) thrown at [src/hotspot/share/interpreter/linkResolver.cpp, line 773]

Events (20 events):
Event: 0,960 loading class org/gradle/internal/watch/vfs/BuildLifecycleAwareVirtualFileSystem done
Event: 0,960 loading class org/gradle/internal/build/BuildAddedListener
Event: 0,960 loading class org/gradle/internal/build/BuildAddedListener done
Event: 0,960 loading class org/gradle/internal/snapshot/impl/DirectorySnapshotterStatistics
Event: 0,960 loading class org/gradle/internal/snapshot/impl/DirectorySnapshotterStatistics done
Event: 0,961 loading class org/gradle/internal/snapshot/FileSystemLocationSnapshot
Event: 0,961 loading class org/gradle/internal/snapshot/FileSystemLocationSnapshot done
Event: 0,961 loading class org/gradle/internal/snapshot/FileSystemSnapshot
Event: 0,961 loading class org/gradle/internal/snapshot/FileSystemSnapshot done
Event: 0,961 loading class org/apache/tools/ant/DirectoryScanner
Event: 0,961 loading class org/apache/tools/ant/DirectoryScanner done
Event: 0,962 Executing VM operation: CollectForMetadataAllocation
Event: 0,968 Executing VM operation: CollectForMetadataAllocation done
Event: 0,969 loading class org/apache/tools/ant/FileScanner
Event: 0,969 loading class org/apache/tools/ant/FileScanner done
Event: 0,969 Executing VM operation: RevokeBias
Event: 0,969 Executing VM operation: RevokeBias done
Event: 0,969 loading class org/apache/tools/ant/types/selectors/SelectorScanner
Event: 0,969 loading class org/apache/tools/ant/types/selectors/SelectorScanner done
Event: 0,969 Executing VM operation: BulkRevokeBias


Dynamic libraries:
00200000-00201000 r--p 00000000 08:05 3932992                            /opt/android-studio/jre/bin/java
00201000-00202000 r-xp 00000000 08:05 3932992                            /opt/android-studio/jre/bin/java
00202000-00203000 r--p 00000000 08:05 3932992                            /opt/android-studio/jre/bin/java
00203000-00204000 rw-p 00000000 08:05 3932992                            /opt/android-studio/jre/bin/java
016c4000-016e5000 rw-p 00000000 00:00 0                                  [heap]
80000000-8fa00000 rw-p 00000000 00:00 0 
8fa00000-100000000 ---p 00000000 00:00 0 
100000000-1002b3000 rw-p 00000000 00:00 0 
1002b3000-140000000 ---p 00000000 00:00 0 
7fd958000000-7fd958021000 rw-p 00000000 00:00 0 
7fd958021000-7fd95c000000 ---p 00000000 00:00 0 
7fd960000000-7fd960021000 rw-p 00000000 00:00 0 
7fd960021000-7fd964000000 ---p 00000000 00:00 0 
7fd964000000-7fd964021000 rw-p 00000000 00:00 0 
7fd964021000-7fd968000000 ---p 00000000 00:00 0 
7fd968000000-7fd968021000 rw-p 00000000 00:00 0 
7fd968021000-7fd96c000000 ---p 00000000 00:00 0 
7fd96c000000-7fd96c021000 rw-p 00000000 00:00 0 
7fd96c021000-7fd970000000 ---p 00000000 00:00 0 
7fd970000000-7fd970021000 rw-p 00000000 00:00 0 
7fd970021000-7fd974000000 ---p 00000000 00:00 0 
7fd974000000-7fd974021000 rw-p 00000000 00:00 0 
7fd974021000-7fd978000000 ---p 00000000 00:00 0 
7fd978000000-7fd978021000 rw-p 00000000 00:00 0 
7fd978021000-7fd97c000000 ---p 00000000 00:00 0 
7fd97c000000-7fd97c021000 rw-p 00000000 00:00 0 
7fd97c021000-7fd980000000 ---p 00000000 00:00 0 
7fd980000000-7fd980021000 rw-p 00000000 00:00 0 
7fd980021000-7fd984000000 ---p 00000000 00:00 0 
7fd984000000-7fd984021000 rw-p 00000000 00:00 0 
7fd984021000-7fd988000000 ---p 00000000 00:00 0 
7fd988000000-7fd988021000 rw-p 00000000 00:00 0 
7fd988021000-7fd98c000000 ---p 00000000 00:00 0 
7fd98c000000-7fd98c2ea000 rw-p 00000000 00:00 0 
7fd98c2ea000-7fd990000000 ---p 00000000 00:00 0 
7fd992fa9000-7fd9931f4000 rw-p 00000000 00:00 0 
7fd9931f4000-7fd9931f5000 ---p 00000000 00:00 0 
7fd9931f5000-7fd9932f6000 rw-p 00000000 00:00 0 
7fd9932f6000-7fd9932f7000 ---p 00000000 00:00 0 
7fd9932f7000-7fd9933f8000 rw-p 00000000 00:00 0 
7fd9933f8000-7fd9933f9000 ---p 00000000 00:00 0 
7fd9933f9000-7fd9934fa000 rw-p 00000000 00:00 0 
7fd9934fa000-7fd9934fb000 ---p 00000000 00:00 0 
7fd9934fb000-7fd9935fc000 rw-p 00000000 00:00 0 
7fd9935fc000-7fd9935fd000 ---p 00000000 00:00 0 
7fd9935fd000-7fd9936fe000 rw-p 00000000 00:00 0 
7fd9936fe000-7fd9936ff000 ---p 00000000 00:00 0 
7fd9936ff000-7fd99386c000 rw-p 00000000 00:00 0 
7fd99386c000-7fd993a00000 ---p 00000000 00:00 0 
7fd993a00000-7fd993a04000 ---p 00000000 00:00 0 
7fd993a04000-7fd993b00000 rw-p 00000000 00:00 0 
7fd993b00000-7fd993b04000 ---p 00000000 00:00 0 
7fd993b04000-7fd993e00000 rw-p 00000000 00:00 0 
7fd993e00000-7fd993e04000 ---p 00000000 00:00 0 
7fd993e04000-7fd993f00000 rw-p 00000000 00:00 0 
7fd993f00000-7fd993f04000 ---p 00000000 00:00 0 
7fd993f04000-7fd994000000 rw-p 00000000 00:00 0 
7fd994000000-7fd994037000 rw-p 00000000 00:00 0 
7fd994037000-7fd998000000 ---p 00000000 00:00 0 
7fd998000000-7fd998021000 rw-p 00000000 00:00 0 
7fd998021000-7fd99c000000 ---p 00000000 00:00 0 
7fd99c000000-7fd99c021000 rw-p 00000000 00:00 0 
7fd99c021000-7fd9a0000000 ---p 00000000 00:00 0 
7fd9a0000000-7fd9a0021000 rw-p 00000000 00:00 0 
7fd9a0021000-7fd9a4000000 ---p 00000000 00:00 0 
7fd9a4000000-7fd9a4021000 rw-p 00000000 00:00 0 
7fd9a4021000-7fd9a8000000 ---p 00000000 00:00 0 
7fd9a8000000-7fd9a8055000 rw-p 00000000 00:00 0 
7fd9a8055000-7fd9ac000000 ---p 00000000 00:00 0 
7fd9ac000000-7fd9ac021000 rw-p 00000000 00:00 0 
7fd9ac021000-7fd9b0000000 ---p 00000000 00:00 0 
7fd9b0000000-7fd9b0021000 rw-p 00000000 00:00 0 
7fd9b0021000-7fd9b4000000 ---p 00000000 00:00 0 
7fd9b4000000-7fd9b4021000 rw-p 00000000 00:00 0 
7fd9b4021000-7fd9b8000000 ---p 00000000 00:00 0 
7fd9b8000000-7fd9b8021000 rw-p 00000000 00:00 0 
7fd9b8021000-7fd9bc000000 ---p 00000000 00:00 0 
7fd9bc000000-7fd9bc883000 rw-p 00000000 00:00 0 
7fd9bc883000-7fd9c0000000 ---p 00000000 00:00 0 
7fd9c0000000-7fd9c0021000 rw-p 00000000 00:00 0 
7fd9c0021000-7fd9c4000000 ---p 00000000 00:00 0 
7fd9c4000000-7fd9c4021000 rw-p 00000000 00:00 0 
7fd9c4021000-7fd9c8000000 ---p 00000000 00:00 0 
7fd9c8000000-7fd9c8fad000 rw-p 00000000 00:00 0 
7fd9c8fad000-7fd9cc000000 ---p 00000000 00:00 0 
7fd9cc000000-7fd9cc021000 rw-p 00000000 00:00 0 
7fd9cc021000-7fd9d0000000 ---p 00000000 00:00 0 
7fd9d0000000-7fd9d0021000 rw-p 00000000 00:00 0 
7fd9d0021000-7fd9d4000000 ---p 00000000 00:00 0 
7fd9d4000000-7fd9d477e000 rw-p 00000000 00:00 0 
7fd9d477e000-7fd9d8000000 ---p 00000000 00:00 0 
7fd9d8000000-7fd9d8640000 rw-p 00000000 00:00 0 
7fd9d8640000-7fd9dc000000 ---p 00000000 00:00 0 
7fd9dc000000-7fd9dc021000 rw-p 00000000 00:00 0 
7fd9dc021000-7fd9e0000000 ---p 00000000 00:00 0 
7fd9e0000000-7fd9e0021000 rw-p 00000000 00:00 0 
7fd9e0021000-7fd9e4000000 ---p 00000000 00:00 0 
7fd9e4000000-7fd9e4021000 rw-p 00000000 00:00 0 
7fd9e4021000-7fd9e8000000 ---p 00000000 00:00 0 
7fd9e8000000-7fd9e8021000 rw-p 00000000 00:00 0 
7fd9e8021000-7fd9ec000000 ---p 00000000 00:00 0 
7fd9ec000000-7fd9ec021000 rw-p 00000000 00:00 0 
7fd9ec021000-7fd9f0000000 ---p 00000000 00:00 0 
7fd9f0000000-7fd9f01c5000 rw-p 00000000 00:00 0 
7fd9f01c5000-7fd9f4000000 ---p 00000000 00:00 0 
7fd9f4000000-7fd9f4021000 rw-p 00000000 00:00 0 
7fd9f4021000-7fd9f8000000 ---p 00000000 00:00 0 
7fd9f80a3000-7fd9f80a7000 ---p 00000000 00:00 0 
7fd9f80a7000-7fd9f81a3000 rw-p 00000000 00:00 0 
7fd9f81a3000-7fd9f81a7000 ---p 00000000 00:00 0 
7fd9f81a7000-7fd9f82a3000 rw-p 00000000 00:00 0 
7fd9f82a3000-7fd9f82a7000 ---p 00000000 00:00 0 
7fd9f82a7000-7fd9f83a3000 rw-p 00000000 00:00 0 
7fd9f83a3000-7fd9f83a7000 ---p 00000000 00:00 0 
7fd9f83a7000-7fd9f84a3000 rw-p 00000000 00:00 0 
7fd9f84c8000-7fd9f84cc000 ---p 00000000 00:00 0 
7fd9f84cc000-7fd9f85c8000 rw-p 00000000 00:00 0 
7fd9f85c8000-7fd9f85cc000 ---p 00000000 00:00 0 
7fd9f85cc000-7fd9f88c8000 rw-p 00000000 00:00 0 
7fd9f88ce000-7fd9f8ace000 rw-p 00000000 00:00 0 
7fd9f8ace000-7fd9f8ad2000 ---p 00000000 00:00 0 
7fd9f8ad2000-7fd9f8bce000 rw-p 00000000 00:00 0 
7fd9f8bce000-7fd9f8bd2000 ---p 00000000 00:00 0 
7fd9f8bd2000-7fd9f8cce000 rw-p 00000000 00:00 0 
7fd9f8cce000-7fd9f8cd2000 ---p 00000000 00:00 0 
7fd9f8cd2000-7fd9f8fce000 rw-p 00000000 00:00 0 
7fd9f8fce000-7fd9f8fcf000 ---p 00000000 00:00 0 
7fd9f8fcf000-7fd9f90d0000 rw-p 00000000 00:00 0 
7fd9f90d0000-7fd9f90d1000 ---p 00000000 00:00 0 
7fd9f90d1000-7fd9f91d2000 rw-p 00000000 00:00 0 
7fd9f91d2000-7fd9f91d3000 ---p 00000000 00:00 0 
7fd9f91d3000-7fd9f92d4000 rw-p 00000000 00:00 0 
7fd9f92d4000-7fd9f92d5000 ---p 00000000 00:00 0 
7fd9f92d5000-7fd9f95d6000 rw-p 00000000 00:00 0 
7fd9f95d6000-7fd9f9670000 r--p 00000000 08:05 4719436                    /usr/lib/x86_64-linux-gnu/libstdc++.so.6.0.30
7fd9f9670000-7fd9f9780000 r-xp 0009a000 08:05 4719436                    /usr/lib/x86_64-linux-gnu/libstdc++.so.6.0.30
7fd9f9780000-7fd9f97ef000 r--p 001aa000 08:05 4719436                    /usr/lib/x86_64-linux-gnu/libstdc++.so.6.0.30
7fd9f97ef000-7fd9f97fa000 r--p 00218000 08:05 4719436                    /usr/lib/x86_64-linux-gnu/libstdc++.so.6.0.30
7fd9f97fa000-7fd9f97fd000 rw-p 00223000 08:05 4719436                    /usr/lib/x86_64-linux-gnu/libstdc++.so.6.0.30
7fd9f97fd000-7fd9f9800000 rw-p 00000000 00:00 0 
7fd9f9800000-7fd9f9853000 r-xp 00000000 08:06 405165                     /home/arenas/.gradle/native/0d407fdbe67a94daf76414ababcb853783967236a71b16ec16e742cd7a986fd3/linux-amd64/libnative-platform-file-events.so
7fd9f9853000-7fd9f9a52000 ---p 00053000 08:06 405165                     /home/arenas/.gradle/native/0d407fdbe67a94daf76414ababcb853783967236a71b16ec16e742cd7a986fd3/linux-amd64/libnative-platform-file-events.so
7fd9f9a52000-7fd9f9a53000 r--p 00052000 08:06 405165                     /home/arenas/.gradle/native/0d407fdbe67a94daf76414ababcb853783967236a71b16ec16e742cd7a986fd3/linux-amd64/libnative-platform-file-events.so
7fd9f9a53000-7fd9f9a55000 rw-p 00053000 08:06 405165                     /home/arenas/.gradle/native/0d407fdbe67a94daf76414ababcb853783967236a71b16ec16e742cd7a986fd3/linux-amd64/libnative-platform-file-events.so
7fd9f9afe000-7fd9f9aff000 ---p 00000000 00:00 0 
7fd9f9aff000-7fd9f9c00000 rw-p 00000000 00:00 0 
7fd9f9c00000-7fd9f9c05000 r-xp 00000000 08:06 405156                     /home/arenas/.gradle/native/e1d6ef7f7dcc3fd88c89a11ec53ec762bb8ba0a96d01ffa2cd45eb1d1d8dd5c5/linux-amd64/libnative-platform.so
7fd9f9c05000-7fd9f9e05000 ---p 00005000 08:06 405156                     /home/arenas/.gradle/native/e1d6ef7f7dcc3fd88c89a11ec53ec762bb8ba0a96d01ffa2cd45eb1d1d8dd5c5/linux-amd64/libnative-platform.so
7fd9f9e05000-7fd9f9e06000 r--p 00005000 08:06 405156                     /home/arenas/.gradle/native/e1d6ef7f7dcc3fd88c89a11ec53ec762bb8ba0a96d01ffa2cd45eb1d1d8dd5c5/linux-amd64/libnative-platform.so
7fd9f9e06000-7fd9f9e07000 rw-p 00006000 08:06 405156                     /home/arenas/.gradle/native/e1d6ef7f7dcc3fd88c89a11ec53ec762bb8ba0a96d01ffa2cd45eb1d1d8dd5c5/linux-amd64/libnative-platform.so
7fd9f9f00000-7fd9f9f04000 ---p 00000000 00:00 0 
7fd9f9f04000-7fd9fc000000 rw-p 00000000 00:00 0 
7fd9fc000000-7fd9fc021000 rw-p 00000000 00:00 0 
7fd9fc021000-7fda00000000 ---p 00000000 00:00 0 
7fda00000000-7fda00145000 rw-p 00000000 00:00 0 
7fda00145000-7fda04000000 ---p 00000000 00:00 0 
7fda04000000-7fda043e8000 rw-p 00000000 00:00 0 
7fda043e8000-7fda06000000 ---p 00000000 00:00 0 
7fda06000000-7fda063e8000 rw-p 00000000 00:00 0 
7fda063e8000-7fda08000000 ---p 00000000 00:00 0 
7fda08000000-7fda08021000 rw-p 00000000 00:00 0 
7fda08021000-7fda0c000000 ---p 00000000 00:00 0 
7fda0c01f000-7fda0c023000 ---p 00000000 00:00 0 
7fda0c023000-7fda0c11f000 rw-p 00000000 00:00 0 
7fda0c11f000-7fda0c120000 ---p 00000000 00:00 0 
7fda0c120000-7fda0c221000 rw-p 00000000 00:00 0 
7fda0c221000-7fda0c225000 ---p 00000000 00:00 0 
7fda0c225000-7fda0c321000 rw-p 00000000 00:00 0 
7fda0c321000-7fda0c325000 ---p 00000000 00:00 0 
7fda0c325000-7fda0c421000 rw-p 00000000 00:00 0 
7fda0c421000-7fda0c425000 ---p 00000000 00:00 0 
7fda0c425000-7fda0c521000 rw-p 00000000 00:00 0 
7fda0c521000-7fda0c525000 ---p 00000000 00:00 0 
7fda0c525000-7fda0c621000 rw-p 00000000 00:00 0 
7fda0c621000-7fda0c625000 ---p 00000000 00:00 0 
7fda0c625000-7fda0c721000 rw-p 00000000 00:00 0 
7fda0c721000-7fda0d508000 r--p 00000000 08:05 4724069                    /usr/lib/locale/locale-archive
7fda0d508000-7fda0d778000 rwxp 00000000 00:00 0 
7fda0d778000-7fda0da99000 ---p 00000000 00:00 0 
7fda0da99000-7fda0ddf9000 rwxp 00000000 00:00 0 
7fda0ddf9000-7fda14fd0000 ---p 00000000 00:00 0 
7fda14fd0000-7fda15240000 rwxp 00000000 00:00 0 
7fda15240000-7fda1c508000 ---p 00000000 00:00 0 
7fda1c508000-7fda20000000 r--s 00000000 08:05 3932863                    /opt/android-studio/jre/lib/modules
7fda20000000-7fda215fa000 rw-p 00000000 00:00 0 
7fda215fa000-7fda24000000 ---p 00000000 00:00 0 
7fda24005000-7fda2400c000 r--s 00000000 08:05 5375468                    /usr/lib/x86_64-linux-gnu/gconv/gconv-modules.cache
7fda2400c000-7fda2400f000 r--p 00000000 08:05 4724349                    /usr/lib/x86_64-linux-gnu/libgcc_s.so.1
7fda2400f000-7fda24026000 r-xp 00003000 08:05 4724349                    /usr/lib/x86_64-linux-gnu/libgcc_s.so.1
7fda24026000-7fda2402a000 r--p 0001a000 08:05 4724349                    /usr/lib/x86_64-linux-gnu/libgcc_s.so.1
7fda2402a000-7fda2402b000 r--p 0001d000 08:05 4724349                    /usr/lib/x86_64-linux-gnu/libgcc_s.so.1
7fda2402b000-7fda2402c000 rw-p 0001e000 08:05 4724349                    /usr/lib/x86_64-linux-gnu/libgcc_s.so.1
7fda24030000-7fda24031000 r--p 00000000 08:05 3932940                    /opt/android-studio/jre/lib/libextnet.so
7fda24031000-7fda24033000 r-xp 00000000 08:05 3932940                    /opt/android-studio/jre/lib/libextnet.so
7fda24033000-7fda24034000 r--p 00001000 08:05 3932940                    /opt/android-studio/jre/lib/libextnet.so
7fda24034000-7fda24035000 rw-p 00001000 08:05 3932940                    /opt/android-studio/jre/lib/libextnet.so
7fda24035000-7fda24038000 r--p 00000000 08:05 3932948                    /opt/android-studio/jre/lib/libmanagement_ext.so
7fda24038000-7fda2403b000 r-xp 00002000 08:05 3932948                    /opt/android-studio/jre/lib/libmanagement_ext.so
7fda2403b000-7fda2403c000 r--p 00004000 08:05 3932948                    /opt/android-studio/jre/lib/libmanagement_ext.so
7fda2403c000-7fda2403d000 rw-p 00004000 08:05 3932948                    /opt/android-studio/jre/lib/libmanagement_ext.so
7fda2403d000-7fda24040000 r--p 00000000 08:05 3932961                    /opt/android-studio/jre/lib/libmanagement.so
7fda24040000-7fda24042000 r-xp 00002000 08:05 3932961                    /opt/android-studio/jre/lib/libmanagement.so
7fda24042000-7fda24043000 r--p 00003000 08:05 3932961                    /opt/android-studio/jre/lib/libmanagement.so
7fda24043000-7fda24044000 rw-p 00003000 08:05 3932961                    /opt/android-studio/jre/lib/libmanagement.so
7fda24044000-7fda24075000 rw-p 00000000 00:00 0 
7fda24075000-7fda2407c000 r--p 00000000 08:05 3932954                    /opt/android-studio/jre/lib/libnet.so
7fda2407c000-7fda2408a000 r-xp 00006000 08:05 3932954                    /opt/android-studio/jre/lib/libnet.so
7fda2408a000-7fda2408b000 r--p 00013000 08:05 3932954                    /opt/android-studio/jre/lib/libnet.so
7fda2408b000-7fda2408d000 rw-p 00013000 08:05 3932954                    /opt/android-studio/jre/lib/libnet.so
7fda2408d000-7fda24095000 r--p 00000000 08:05 3932952                    /opt/android-studio/jre/lib/libnio.so
7fda24095000-7fda2409c000 r-xp 00007000 08:05 3932952                    /opt/android-studio/jre/lib/libnio.so
7fda2409c000-7fda2409e000 r--p 0000d000 08:05 3932952                    /opt/android-studio/jre/lib/libnio.so
7fda2409e000-7fda2409f000 rw-p 0000e000 08:05 3932952                    /opt/android-studio/jre/lib/libnio.so
7fda2409f000-7fda240a3000 ---p 00000000 00:00 0 
7fda240a3000-7fda2419f000 rw-p 00000000 00:00 0 
7fda2419f000-7fda241a3000 ---p 00000000 00:00 0 
7fda241a3000-7fda2429f000 rw-p 00000000 00:00 0 
7fda2429f000-7fda242a3000 ---p 00000000 00:00 0 
7fda242a3000-7fda2439f000 rw-p 00000000 00:00 0 
7fda2439f000-7fda243a0000 ---p 00000000 00:00 0 
7fda243a0000-7fda24da5000 rw-p 00000000 00:00 0 
7fda24da5000-7fda24de7000 rw-p 00000000 00:00 0 
7fda24de7000-7fda24de8000 ---p 00000000 00:00 0 
7fda24de8000-7fda24ee9000 rw-p 00000000 00:00 0 
7fda24ee9000-7fda24eea000 ---p 00000000 00:00 0 
7fda24eea000-7fda259f5000 rw-p 00000000 00:00 0 
7fda259f5000-7fda259f6000 ---p 00000000 00:00 0 
7fda259f6000-7fda25af7000 rw-p 00000000 00:00 0 
7fda25af7000-7fda25af8000 ---p 00000000 00:00 0 
7fda25af8000-7fda25cfb000 rw-p 00000000 00:00 0 
7fda25cfb000-7fda2607e000 ---p 00000000 00:00 0 
7fda2607e000-7fda260fb000 rw-p 00000000 00:00 0 
7fda260fb000-7fda2647e000 ---p 00000000 00:00 0 
7fda2647e000-7fda264fb000 rw-p 00000000 00:00 0 
7fda264fb000-7fda2687e000 ---p 00000000 00:00 0 
7fda2687e000-7fda27288000 rw-p 00000000 00:00 0 
7fda27288000-7fda27289000 ---p 00000000 00:00 0 
7fda27289000-7fda2738f000 rw-p 00000000 00:00 0 
7fda2738f000-7fda27475000 ---p 00000000 00:00 0 
7fda27475000-7fda2747c000 rw-p 00000000 00:00 0 
7fda2747c000-7fda27560000 ---p 00000000 00:00 0 
7fda27560000-7fda27565000 rw-p 00000000 00:00 0 
7fda27565000-7fda2756c000 ---p 00000000 00:00 0 
7fda2756c000-7fda27575000 r--p 00000000 08:05 3932949                    /opt/android-studio/jre/lib/libzip.so
7fda27575000-7fda27589000 r-xp 00008000 08:05 3932949                    /opt/android-studio/jre/lib/libzip.so
7fda27589000-7fda2758a000 r--p 0001b000 08:05 3932949                    /opt/android-studio/jre/lib/libzip.so
7fda2758a000-7fda2758b000 rw-p 0001b000 08:05 3932949                    /opt/android-studio/jre/lib/libzip.so
7fda2758b000-7fda27593000 rw-s 00000000 08:05 2228262                    /tmp/hsperfdata_arenas/4590
7fda27593000-7fda2759e000 r--p 00000000 08:05 3932936                    /opt/android-studio/jre/lib/libjimage.so
7fda2759e000-7fda275b0000 r-xp 0000a000 08:05 3932936                    /opt/android-studio/jre/lib/libjimage.so
7fda275b0000-7fda275b3000 r--p 0001b000 08:05 3932936                    /opt/android-studio/jre/lib/libjimage.so
7fda275b3000-7fda275b4000 rw-p 0001d000 08:05 3932936                    /opt/android-studio/jre/lib/libjimage.so
7fda275b4000-7fda275c6000 rw-p 00000000 00:00 0 
7fda275c6000-7fda275d8000 r--p 00000000 08:05 3932944                    /opt/android-studio/jre/lib/libjava.so
7fda275d8000-7fda275ed000 r-xp 00011000 08:05 3932944                    /opt/android-studio/jre/lib/libjava.so
7fda275ed000-7fda275ee000 r--p 00025000 08:05 3932944                    /opt/android-studio/jre/lib/libjava.so
7fda275ee000-7fda275f0000 rw-p 00025000 08:05 3932944                    /opt/android-studio/jre/lib/libjava.so
7fda275f0000-7fda275f1000 r--p 00000000 08:05 4726415                    /usr/lib/x86_64-linux-gnu/librt.so.1
7fda275f1000-7fda275f2000 r-xp 00001000 08:05 4726415                    /usr/lib/x86_64-linux-gnu/librt.so.1
7fda275f2000-7fda275f3000 r--p 00002000 08:05 4726415                    /usr/lib/x86_64-linux-gnu/librt.so.1
7fda275f3000-7fda275f4000 r--p 00002000 08:05 4726415                    /usr/lib/x86_64-linux-gnu/librt.so.1
7fda275f4000-7fda275f5000 rw-p 00003000 08:05 4726415                    /usr/lib/x86_64-linux-gnu/librt.so.1
7fda275f5000-7fda275f9000 ---p 00000000 00:00 0 
7fda275f9000-7fda276f5000 rw-p 00000000 00:00 0 
7fda276f5000-7fda27703000 r--p 00000000 08:05 4726093                    /usr/lib/x86_64-linux-gnu/libm.so.6
7fda27703000-7fda2777f000 r-xp 0000e000 08:05 4726093                    /usr/lib/x86_64-linux-gnu/libm.so.6
7fda2777f000-7fda277da000 r--p 0008a000 08:05 4726093                    /usr/lib/x86_64-linux-gnu/libm.so.6
7fda277da000-7fda277db000 r--p 000e4000 08:05 4726093                    /usr/lib/x86_64-linux-gnu/libm.so.6
7fda277db000-7fda277dc000 rw-p 000e5000 08:05 4726093                    /usr/lib/x86_64-linux-gnu/libm.so.6
7fda277dc000-7fda27cf6000 r--p 00000000 08:05 3932912                    /opt/android-studio/jre/lib/server/libjvm.so
7fda27cf6000-7fda28768000 r-xp 00519000 08:05 3932912                    /opt/android-studio/jre/lib/server/libjvm.so
7fda28768000-7fda28830000 r--p 00f8a000 08:05 3932912                    /opt/android-studio/jre/lib/server/libjvm.so
7fda28830000-7fda28868000 rw-p 01051000 08:05 3932912                    /opt/android-studio/jre/lib/server/libjvm.so
7fda28868000-7fda288d2000 rw-p 00000000 00:00 0 
7fda288d2000-7fda288fa000 r--p 00000000 08:05 4725444                    /usr/lib/x86_64-linux-gnu/libc.so.6
7fda288fa000-7fda28a8f000 r-xp 00028000 08:05 4725444                    /usr/lib/x86_64-linux-gnu/libc.so.6
7fda28a8f000-7fda28ae7000 r--p 001bd000 08:05 4725444                    /usr/lib/x86_64-linux-gnu/libc.so.6
7fda28ae7000-7fda28aeb000 r--p 00214000 08:05 4725444                    /usr/lib/x86_64-linux-gnu/libc.so.6
7fda28aeb000-7fda28aed000 rw-p 00218000 08:05 4725444                    /usr/lib/x86_64-linux-gnu/libc.so.6
7fda28aed000-7fda28afa000 rw-p 00000000 00:00 0 
7fda28afa000-7fda28afb000 r--p 00000000 08:05 4725586                    /usr/lib/x86_64-linux-gnu/libdl.so.2
7fda28afb000-7fda28afc000 r-xp 00001000 08:05 4725586                    /usr/lib/x86_64-linux-gnu/libdl.so.2
7fda28afc000-7fda28afd000 r--p 00002000 08:05 4725586                    /usr/lib/x86_64-linux-gnu/libdl.so.2
7fda28afd000-7fda28afe000 r--p 00002000 08:05 4725586                    /usr/lib/x86_64-linux-gnu/libdl.so.2
7fda28afe000-7fda28aff000 rw-p 00003000 08:05 4725586                    /usr/lib/x86_64-linux-gnu/libdl.so.2
7fda28aff000-7fda28b08000 r--p 00000000 08:05 3932959                    /opt/android-studio/jre/lib/jli/libjli.so
7fda28b08000-7fda28b16000 r-xp 00008000 08:05 3932959                    /opt/android-studio/jre/lib/jli/libjli.so
7fda28b16000-7fda28b17000 r--p 00015000 08:05 3932959                    /opt/android-studio/jre/lib/jli/libjli.so
7fda28b17000-7fda28b19000 rw-p 00015000 08:05 3932959                    /opt/android-studio/jre/lib/jli/libjli.so
7fda28b19000-7fda28b1a000 r--p 00000000 08:05 4726359                    /usr/lib/x86_64-linux-gnu/libpthread.so.0
7fda28b1a000-7fda28b1b000 r-xp 00001000 08:05 4726359                    /usr/lib/x86_64-linux-gnu/libpthread.so.0
7fda28b1b000-7fda28b1c000 r--p 00002000 08:05 4726359                    /usr/lib/x86_64-linux-gnu/libpthread.so.0
7fda28b1c000-7fda28b1d000 r--p 00002000 08:05 4726359                    /usr/lib/x86_64-linux-gnu/libpthread.so.0
7fda28b1d000-7fda28b1e000 rw-p 00003000 08:05 4726359                    /usr/lib/x86_64-linux-gnu/libpthread.so.0
7fda28b22000-7fda28b23000 ---p 00000000 00:00 0 
7fda28b23000-7fda28b24000 r--p 00000000 00:00 0 
7fda28b24000-7fda28b2a000 r--p 00000000 08:05 3932916                    /opt/android-studio/jre/lib/libverify.so
7fda28b2a000-7fda28b33000 r-xp 00005000 08:05 3932916                    /opt/android-studio/jre/lib/libverify.so
7fda28b33000-7fda28b35000 r--p 0000d000 08:05 3932916                    /opt/android-studio/jre/lib/libverify.so
7fda28b35000-7fda28b36000 rw-p 0000e000 08:05 3932916                    /opt/android-studio/jre/lib/libverify.so
7fda28b36000-7fda28b38000 rw-p 00000000 00:00 0 
7fda28b38000-7fda28b3a000 r--p 00000000 08:05 4725109                    /usr/lib/x86_64-linux-gnu/ld-linux-x86-64.so.2
7fda28b3a000-7fda28b64000 r-xp 00002000 08:05 4725109                    /usr/lib/x86_64-linux-gnu/ld-linux-x86-64.so.2
7fda28b64000-7fda28b6f000 r--p 0002c000 08:05 4725109                    /usr/lib/x86_64-linux-gnu/ld-linux-x86-64.so.2
7fda28b70000-7fda28b72000 r--p 00037000 08:05 4725109                    /usr/lib/x86_64-linux-gnu/ld-linux-x86-64.so.2
7fda28b72000-7fda28b74000 rw-p 00039000 08:05 4725109                    /usr/lib/x86_64-linux-gnu/ld-linux-x86-64.so.2
7ffe64937000-7ffe64958000 rw-p 00000000 00:00 0                          [stack]
7ffe6496e000-7ffe64972000 r--p 00000000 00:00 0                          [vvar]
7ffe64972000-7ffe64974000 r-xp 00000000 00:00 0                          [vdso]
ffffffffff600000-ffffffffff601000 --xp 00000000 00:00 0                  [vsyscall]


VM Arguments:
jvm_args: -XX:MaxPermSize=512m -XX:+HeapDumpOnOutOfMemoryError --add-opens=java.base/java.util=ALL-UNNAMED --add-opens=java.base/java.lang=ALL-UNNAMED --add-opens=java.base/java.lang.invoke=ALL-UNNAMED --add-opens=java.base/java.util=ALL-UNNAMED --add-opens=java.prefs/java.util.prefs=ALL-UNNAMED --add-opens=java.prefs/java.util.prefs=ALL-UNNAMED --add-opens=java.base/java.nio.charset=ALL-UNNAMED --add-opens=java.base/java.net=ALL-UNNAMED --add-opens=java.base/java.util.concurrent.atomic=ALL-UNNAMED -Xmx2048m -Dfile.encoding=UTF-8 -Duser.country=US -Duser.language=en -Duser.variant 
java_command: org.gradle.launcher.daemon.bootstrap.GradleDaemon 7.4.2
java_class_path (initial): /home/arenas/.gradle/wrapper/dists/gradle-7.4.2-bin/48ivgl02cpt2ed3fh9dbalvx8/gradle-7.4.2/lib/gradle-launcher-7.4.2.jar
Launcher Type: SUN_STANDARD

[Global flags]
     intx CICompilerCount                          = 4                                         {product} {ergonomic}
     uint ConcGCThreads                            = 3                                         {product} {ergonomic}
     uint G1ConcRefinementThreads                  = 10                                        {product} {ergonomic}
   size_t G1HeapRegionSize                         = 1048576                                   {product} {ergonomic}
    uintx GCDrainStackTargetSize                   = 64                                        {product} {ergonomic}
     bool HeapDumpOnOutOfMemoryError               = true                                   {manageable} {command line}
   size_t InitialHeapSize                          = 262144000                                 {product} {ergonomic}
   size_t MarkStackSize                            = 4194304                                   {product} {ergonomic}
   size_t MaxHeapSize                              = 2147483648                                {product} {command line}
   size_t MaxNewSize                               = 1287651328                                {product} {ergonomic}
   size_t MinHeapDeltaBytes                        = 1048576                                   {product} {ergonomic}
    uintx NonNMethodCodeHeapSize                   = 5836300                                {pd product} {ergonomic}
    uintx NonProfiledCodeHeapSize                  = 122910970                              {pd product} {ergonomic}
    uintx ProfiledCodeHeapSize                     = 122910970                              {pd product} {ergonomic}
    uintx ReservedCodeCacheSize                    = 251658240                              {pd product} {ergonomic}
     bool SegmentedCodeCache                       = true                                      {product} {ergonomic}
     bool UseCompressedClassPointers               = true                                 {lp64_product} {ergonomic}
     bool UseCompressedOops                        = true                                 {lp64_product} {ergonomic}
     bool UseG1GC                                  = true                                      {product} {ergonomic}

Logging:
Log output configuration:
 #0: stdout all=warning uptime,level,tags
 #1: stderr all=off uptime,level,tags

Environment Variables:
PATH=/home/arenas/.nvm/versions/node/v16.17.1/bin:/home/arenas/.local/bin:/usr/local/sbin:/usr/local/bin:/usr/sbin:/usr/bin:/sbin:/bin:/usr/games:/usr/local/games:/snap/bin
SHELL=/bin/bash
DISPLAY=:0
LANG=en_US.UTF-8

Signal Handlers:
SIGSEGV: [libjvm.so+0xf11250], sa_mask[0]=11111111011111111101111111111110, sa_flags=SA_RESTART|SA_SIGINFO
SIGBUS: [libjvm.so+0xf11250], sa_mask[0]=11111111011111111101111111111110, sa_flags=SA_RESTART|SA_SIGINFO
SIGFPE: [libjvm.so+0xf11250], sa_mask[0]=11111111011111111101111111111110, sa_flags=SA_RESTART|SA_SIGINFO
SIGPIPE: [libjvm.so+0xd5f7e0], sa_mask[0]=11111111011111111101111111111110, sa_flags=SA_RESTART|SA_SIGINFO
SIGXFSZ: [libjvm.so+0xd5f7e0], sa_mask[0]=11111111011111111101111111111110, sa_flags=SA_RESTART|SA_SIGINFO
SIGILL: [libjvm.so+0xf11250], sa_mask[0]=11111111011111111101111111111110, sa_flags=SA_RESTART|SA_SIGINFO
SIGUSR2: [libjvm.so+0xd5fec0], sa_mask[0]=00100000000000000000000000000000, sa_flags=SA_RESTART|SA_SIGINFO
SIGHUP: [libjvm.so+0xd5c800], sa_mask[0]=11111111011111111101111111111110, sa_flags=SA_RESTART|SA_SIGINFO
SIGINT: [libjvm.so+0xd5c800], sa_mask[0]=11111111011111111101111111111110, sa_flags=SA_RESTART|SA_SIGINFO
SIGTERM: [libjvm.so+0xd5c800], sa_mask[0]=11111111011111111101111111111110, sa_flags=SA_RESTART|SA_SIGINFO
SIGQUIT: [libjvm.so+0xd5c800], sa_mask[0]=11111111011111111101111111111110, sa_flags=SA_RESTART|SA_SIGINFO


---------------  S Y S T E M  ---------------

OS:DISTRIB_ID=Ubuntu
DISTRIB_RELEASE=22.04
DISTRIB_CODENAME=jammy
DISTRIB_DESCRIPTION="Ubuntu 22.04.1 LTS"
uname:Linux 5.15.0-48-generic #54-Ubuntu SMP Fri Aug 26 13:26:29 UTC 2022 x86_64
OS uptime: 0 days 0:12 hours
libc:glibc 2.35 NPTL 2.35 
rlimit (soft/hard): STACK 8192k/infinity , CORE 0k/infinity , NPROC 63481/63481 , NOFILE 1048576/1048576 , AS infinity/infinity , CPU infinity/infinity , DATA infinity/infinity , FSIZE infinity/infinity , MEMLOCK 2040252k/2040252k
load average:1,50 0,63 0,40

/proc/meminfo:
MemTotal:       16322040 kB
MemFree:         9887936 kB
MemAvailable:   12620100 kB
Buffers:          228480 kB
Cached:          2568668 kB
SwapCached:            0 kB
Active:           837972 kB
Inactive:        4824376 kB
Active(anon):       5328 kB
Inactive(anon):  2884192 kB
Active(file):     832644 kB
Inactive(file):  1940184 kB
Unevictable:          32 kB
Mlocked:              32 kB
SwapTotal:       8388604 kB
SwapFree:        8388604 kB
Dirty:              4804 kB
Writeback:             0 kB
AnonPages:       2866016 kB
Mapped:          1058068 kB
Shmem:             28816 kB
KReclaimable:     295744 kB
Slab:             467084 kB
SReclaimable:     295744 kB
SUnreclaim:       171340 kB
KernelStack:       13696 kB
PageTables:        28580 kB
NFS_Unstable:          0 kB
Bounce:                0 kB
WritebackTmp:          0 kB
CommitLimit:    16549624 kB
Committed_AS:    7255808 kB
VmallocTotal:   34359738367 kB
VmallocUsed:       91924 kB
VmallocChunk:          0 kB
Percpu:            35072 kB
HardwareCorrupted:     0 kB
AnonHugePages:         0 kB
ShmemHugePages:        0 kB
ShmemPmdMapped:        0 kB
FileHugePages:         0 kB
FilePmdMapped:         0 kB
HugePages_Total:       0
HugePages_Free:        0
HugePages_Rsvd:        0
HugePages_Surp:        0
Hugepagesize:       2048 kB
Hugetlb:               0 kB
DirectMap4k:      525284 kB
DirectMap2M:     8855552 kB
DirectMap1G:     7340032 kB

/sys/kernel/mm/transparent_hugepage/enabled:
always [madvise] never
/sys/kernel/mm/transparent_hugepage/defrag (defrag/compaction efforts parameter):
always defer defer+madvise [madvise] never

Process Memory:
Virtual Size: 6448616K (peak: 6511804K)
Resident Set Size: 232016K (peak: 232016K) (anon: 203004K, file: 29012K, shmem: 0K)
Swapped out: 0K
C-Heap outstanding allocations: 55358K

/proc/sys/kernel/threads-max (system-wide limit on the number of threads):
126963
/proc/sys/vm/max_map_count (maximum number of memory map areas a process may have):
65530
/proc/sys/kernel/pid_max (system-wide limit on number of process identifiers):
4194304

Steal ticks since vm start: 0
Steal ticks percentage since vm start:  0,000

CPU:total 12 (initial active 12) (12 cores per cpu, 2 threads per core) family 23 model 113 stepping 0 microcode 0x8701021, cmov, cx8, fxsr, mmx, sse, sse2, sse3, ssse3, sse4.1, sse4.2, popcnt, avx, avx2, aes, clmul, mmxext, 3dnowpref, lzcnt, sse4a, ht, tsc, tscinvbit, tscinv, bmi1, bmi2, adx, sha, fma
CPU Model and flags from /proc/cpuinfo:
model name	: AMD Ryzen 5 3600 6-Core Processor
flags		: fpu vme de pse tsc msr pae mce cx8 apic sep mtrr pge mca cmov pat pse36 clflush mmx fxsr sse sse2 ht syscall nx mmxext fxsr_opt pdpe1gb rdtscp lm constant_tsc rep_good nopl nonstop_tsc cpuid extd_apicid aperfmperf rapl pni pclmulqdq monitor ssse3 fma cx16 sse4_1 sse4_2 movbe popcnt aes xsave avx f16c rdrand lahf_lm cmp_legacy svm extapic cr8_legacy abm sse4a misalignsse 3dnowprefetch osvw ibs skinit wdt tce topoext perfctr_core perfctr_nb bpext perfctr_llc mwaitx cpb cat_l3 cdp_l3 hw_pstate ssbd mba ibpb stibp vmmcall fsgsbase bmi1 avx2 smep bmi2 cqm rdt_a rdseed adx smap clflushopt clwb sha_ni xsaveopt xsavec xgetbv1 xsaves cqm_llc cqm_occup_llc cqm_mbm_total cqm_mbm_local clzero irperf xsaveerptr rdpru wbnoinvd arat npt lbrv svm_lock nrip_save tsc_scale vmcb_clean flushbyasid decodeassists pausefilter pfthreshold avic v_vmsave_vmload vgif v_spec_ctrl umip rdpid overflow_recov succor smca sme sev sev_es
Online cpus:
0-11
Offline cpus:
12-31
BIOS frequency limitation:
3600000
Frequency switch latency (ns):
0
Available cpu frequencies:
3600000 2800000 2200000 
Current governor:
schedutil
Core performance/turbo boost:
1

Memory: 4k page, physical 16322040k(9886928k free), swap 8388604k(8388604k free)

vm_info: OpenJDK 64-Bit Server VM (11.0.13+0-b1751.21-8125866) for linux-amd64 JRE (11.0.13+0-b1751.21-8125866), built on Jan 27 2022 22:29:40 by "androidbuild" with gcc Android (7284624, based on r416183b) Clang 12.0.5 (https://android.googlesource.com/toolchain/llvm-project c935d99d7cf2016289302412d708641d52d2f7ee)

END.
